Component: ARM Compiler 5.06 update 1 (build 61) Tool: armlink [4d35a8]

==============================================================================

Section Cross References

    startup_stm32f302x8.o(RESET) refers to startup_stm32f302x8.o(STACK) for __initial_sp
    startup_stm32f302x8.o(RESET) refers to startup_stm32f302x8.o(.text) for Reset_Handler
    startup_stm32f302x8.o(RESET) refers to stm32f3xx_it.o(i.NMI_Handler) for NMI_Handler
    startup_stm32f302x8.o(RESET) refers to stm32f3xx_it.o(i.HardFault_Handler) for HardFault_Handler
    startup_stm32f302x8.o(RESET) refers to stm32f3xx_it.o(i.MemManage_Handler) for MemManage_Handler
    startup_stm32f302x8.o(RESET) refers to stm32f3xx_it.o(i.BusFault_Handler) for BusFault_Handler
    startup_stm32f302x8.o(RESET) refers to stm32f3xx_it.o(i.UsageFault_Handler) for UsageFault_Handler
    startup_stm32f302x8.o(RESET) refers to stm32f3xx_it.o(i.SVC_Handler) for SVC_Handler
    startup_stm32f302x8.o(RESET) refers to stm32f3xx_it.o(i.DebugMon_Handler) for DebugMon_Handler
    startup_stm32f302x8.o(RESET) refers to stm32f3xx_it.o(i.PendSV_Handler) for PendSV_Handler
    startup_stm32f302x8.o(RESET) refers to stm32f3xx_it.o(i.SysTick_Handler) for SysTick_Handler
    startup_stm32f302x8.o(RESET) refers to stm32f3xx_it.o(i.DMA1_Channel4_IRQHandler) for DMA1_Channel4_IRQHandler
    startup_stm32f302x8.o(RESET) refers to stm32f3xx_it.o(i.DMA1_Channel5_IRQHandler) for DMA1_Channel5_IRQHandler
    startup_stm32f302x8.o(RESET) refers to stm32f3xx_it.o(i.DMA1_Channel6_IRQHandler) for DMA1_Channel6_IRQHandler
    startup_stm32f302x8.o(RESET) refers to stm32f3xx_it.o(i.DMA1_Channel7_IRQHandler) for DMA1_Channel7_IRQHandler
    startup_stm32f302x8.o(RESET) refers to stm32f3xx_it.o(i.ADC1_IRQHandler) for ADC1_IRQHandler
    startup_stm32f302x8.o(RESET) refers to stm32f3xx_it.o(i.TIM1_UP_TIM16_IRQHandler) for TIM1_UP_TIM16_IRQHandler
    startup_stm32f302x8.o(RESET) refers to stm32f3xx_it.o(i.USART1_IRQHandler) for USART1_IRQHandler
    startup_stm32f302x8.o(RESET) refers to stm32f3xx_it.o(i.USART2_IRQHandler) for USART2_IRQHandler
    startup_stm32f302x8.o(RESET) refers to stm32f3xx_it.o(i.EXTI15_10_IRQHandler) for EXTI15_10_IRQHandler
    startup_stm32f302x8.o(RESET) refers to stm32f3xx_it.o(i.TIM6_DAC_IRQHandler) for TIM6_DAC_IRQHandler
    startup_stm32f302x8.o(.text) refers to system_stm32f3xx.o(i.SystemInit) for SystemInit
    startup_stm32f302x8.o(.text) refers to entry.o(.ARM.Collect$$$$00000000) for __main
    main.o(i.HAL_ADCEx_InjectedConvCpltCallback) refers to stm32f3xx_hal_gpio.o(i.HAL_GPIO_WritePin) for HAL_GPIO_WritePin
    main.o(i.HAL_ADCEx_InjectedConvCpltCallback) refers to stm32f3xx_hal_adc_ex.o(i.HAL_ADCEx_InjectedGetValue) for HAL_ADCEx_InjectedGetValue
    main.o(i.HAL_ADCEx_InjectedConvCpltCallback) refers to main.o(i.rt_OneStep) for rt_OneStep
    main.o(i.HAL_ADCEx_InjectedConvCpltCallback) refers to stm32f3xx_hal_uart.o(i.HAL_UART_Transmit_DMA) for HAL_UART_Transmit_DMA
    main.o(i.HAL_ADCEx_InjectedConvCpltCallback) refers to main.o(.data) for ENABLE_INV
    main.o(i.HAL_ADCEx_InjectedConvCpltCallback) refers to main.o(.bss) for hadc1
    main.o(i.HAL_ADCEx_InjectedConvCpltCallback) refers to mbd_foc_sensorless_model.o(.bss) for MBD_FOC_SENSORLESS_MODEL_DW
    main.o(i.HAL_ADCEx_InjectedConvCpltCallback) refers to mbd_foc_sensorless_model.o(.data) for Pwm1Duty
    main.o(i.HAL_UART_RxCpltCallback) refers to stm32f3xx_hal_uart.o(i.HAL_UART_Receive_DMA) for HAL_UART_Receive_DMA
    main.o(i.HAL_UART_RxCpltCallback) refers to main.o(.bss) for huart1
    main.o(i.HAL_UART_RxCpltCallback) refers to main.o(.data) for rx_buffer
    main.o(i.MX_ADC1_Init) refers to memseta.o(.text) for __aeabi_memclr4
    main.o(i.MX_ADC1_Init) refers to stm32f3xx_hal_adc_ex.o(i.HAL_ADC_Init) for HAL_ADC_Init
    main.o(i.MX_ADC1_Init) refers to main.o(i.Error_Handler) for Error_Handler
    main.o(i.MX_ADC1_Init) refers to stm32f3xx_hal_adc_ex.o(i.HAL_ADC_ConfigChannel) for HAL_ADC_ConfigChannel
    main.o(i.MX_ADC1_Init) refers to stm32f3xx_hal_adc_ex.o(i.HAL_ADCEx_InjectedConfigChannel) for HAL_ADCEx_InjectedConfigChannel
    main.o(i.MX_ADC1_Init) refers to main.o(.bss) for hadc1
    main.o(i.MX_DMA_Init) refers to stm32f3xx_hal_cortex.o(i.HAL_NVIC_SetPriority) for HAL_NVIC_SetPriority
    main.o(i.MX_DMA_Init) refers to stm32f3xx_hal_cortex.o(i.HAL_NVIC_EnableIRQ) for HAL_NVIC_EnableIRQ
    main.o(i.MX_GPIO_Init) refers to memseta.o(.text) for __aeabi_memclr4
    main.o(i.MX_GPIO_Init) refers to stm32f3xx_hal_gpio.o(i.HAL_GPIO_WritePin) for HAL_GPIO_WritePin
    main.o(i.MX_GPIO_Init) refers to stm32f3xx_hal_gpio.o(i.HAL_GPIO_Init) for HAL_GPIO_Init
    main.o(i.MX_NVIC_Init) refers to stm32f3xx_hal_cortex.o(i.HAL_NVIC_SetPriority) for HAL_NVIC_SetPriority
    main.o(i.MX_NVIC_Init) refers to stm32f3xx_hal_cortex.o(i.HAL_NVIC_EnableIRQ) for HAL_NVIC_EnableIRQ
    main.o(i.MX_TIM1_Init) refers to memseta.o(.text) for __aeabi_memclr4
[...]

Image Symbol Table

    Local Symbols

    Symbol Name                              Value     Ov Type        Size  Object(Section)

    ../Core/Src/main.c                       0x00000000   Number         0  main.o ABSOLUTE
    ../Core/Src/stm32f3xx_hal_msp.c          0x00000000   Number         0  stm32f3xx_hal_msp.o ABSOLUTE
    ../Core/Src/stm32f3xx_it.c               0x00000000   Number         0  stm32f3xx_it.o ABSOLUTE
    ../Core/Src/system_stm32f3xx.c           0x00000000   Number         0  system_stm32f3xx.o ABSOLUTE
    ../Drivers/STM32F3xx_HAL_Driver/Src/stm32f3xx_hal.c 0x00000000   Number         0  stm32f3xx_hal.o ABSOLUTE
    ../Drivers/STM32F3xx_HAL_Driver/Src/stm32f3xx_hal_adc.c 0x00000000   Number         0  stm32f3xx_hal_adc.o ABSOLUTE
    ../Drivers/STM32F3xx_HAL_Driver/Src/stm32f3xx_hal_adc_ex.c 0x00000000   Number         0  stm32f3xx_hal_adc_ex.o ABSOLUTE
    ../Drivers/STM32F3xx_HAL_Driver/Src/stm32f3xx_hal_cortex.c 0x00000000   Number         0  stm32f3xx_hal_cortex.o ABSOLUTE
    ../Drivers/STM32F3xx_HAL_Driver/Src/stm32f3xx_hal_dma.c 0x00000000   Number         0  stm32f3xx_hal_dma.o ABSOLUTE
    ../Drivers/STM32F3xx_HAL_Driver/Src/stm32f3xx_hal_exti.c 0x00000000   Number         0  stm32f3xx_hal_exti.o ABSOLUTE
    ../Drivers/STM32F3xx_HAL_Driver/Src/stm32f3xx_hal_flash.c 0x00000000   Number         0  stm32f3xx_hal_flash.o ABSOLUTE
    ../Drivers/STM32F3xx_HAL_Driver/Src/stm32f3xx_hal_flash_ex.c 0x00000000   Number         0  stm32f3xx_hal_flash_ex.o ABSOLUTE
    ../Drivers/STM32F3xx_HAL_Driver/Src/stm32f3xx_hal_gpio.c 0x00000000   Number         0  stm32f3xx_hal_gpio.o ABSOLUTE
    ../Drivers/STM32F3xx_HAL_Driver/Src/stm32f3xx_hal_i2c.c 0x00000000   Number         0  stm32f3xx_hal_i2c.o ABSOLUTE
    ../Drivers/STM32F3xx_HAL_Driver/Src/stm32f3xx_hal_i2c_ex.c 0x00000000   Number         0  stm32f3xx_hal_i2c_ex.o ABSOLUTE
    ../Drivers/STM32F3xx_HAL_Driver/Src/stm32f3xx_hal_pwr.c 0x00000000   Number         0  stm32f3xx_hal_pwr.o ABSOLUTE
    ../Drivers/STM32F3xx_HAL_Driver/Src/stm32f3xx_hal_pwr_ex.c 0x00000000   Number         0  stm32f3xx_hal_pwr_ex.o ABSOLUTE
    ../Drivers/STM32F3xx_HAL_Driver/Src/stm32f3xx_hal_rcc.c 0x00000000   Number         0  stm32f3xx_hal_rcc.o ABSOLUTE
    ../Drivers/STM32F3xx_HAL_Driver/Src/stm32f3xx_hal_rcc_ex.c 0x00000000   Number         0  stm32f3xx_hal_rcc_ex.o ABSOLUTE
    ../Drivers/STM32F3xx_HAL_Driver/Src/stm32f3xx_hal_tim.c 0x00000000   Number         0  stm32f3xx_hal_tim.o ABSOLUTE
    ../Drivers/STM32F3xx_HAL_Driver/Src/stm32f3xx_hal_tim_ex.c 0x00000000   Number         0  stm32f3xx_hal_tim_ex.o ABSOLUTE
    ../Drivers/STM32F3xx_HAL_Driver/Src/stm32f3xx_hal_uart.c 0x00000000   Number         0  stm32f3xx_hal_uart.o ABSOLUTE
    ../Drivers/STM32F3xx_HAL_Driver/Src/stm32f3xx_hal_uart_ex.c 0x00000000   Number         0  stm32f3xx_hal_uart_ex.o ABSOLUTE
    ../clib/microlib/division.c              0x00000000   Number         0  uldiv.o ABSOLUTE
    ../clib/microlib/errno.c                 0x00000000   Number         0  errno.o ABSOLUTE
    ../clib/microlib/init/entry.s            0x00000000   Number         0  entry7a.o ABSOLUTE
    ../clib/microlib/init/entry.s            0x00000000   Number         0  entry8a.o ABSOLUTE
    ../clib/microlib/init/entry.s            0x00000000   Number         0  entry8b.o ABSOLUTE
    ../clib/microlib/init/entry.s            0x00000000   Number         0  entry9a.o ABSOLUTE
    ../clib/microlib/init/entry.s            0x00000000   Number         0  entry9b.o ABSOLUTE
    ../clib/microlib/init/entry.s            0x00000000   Number         0  entry10a.o ABSOLUTE
    ../clib/microlib/init/entry.s            0x00000000   Number         0  entry7b.o ABSOLUTE
    ../clib/microlib/init/entry.s            0x00000000   Number         0  entry10b.o ABSOLUTE
    ../clib/microlib/init/entry.s            0x00000000   Number         0  entry11a.o ABSOLUTE
    ../clib/microlib/init/entry.s            0x00000000   Number         0  entry11b.o ABSOLUTE
    ../clib/microlib/init/entry.s            0x00000000   Number         0  entry.o ABSOLUTE
    ../clib/microlib/init/entry.s            0x00000000   Number         0  entry2.o ABSOLUTE
    ../clib/microlib/init/entry.s            0x00000000   Number         0  entry5.o ABSOLUTE
    ../clib/microlib/longlong.c              0x00000000   Number         0  llshl.o ABSOLUTE
    ../clib/microlib/longlong.c              0x00000000   Number         0  llsshr.o ABSOLUTE
    ../clib/microlib/longlong.c              0x00000000   Number         0  llushr.o ABSOLUTE
    ../clib/microlib/string/memcpy.c         0x00000000   Number         0  memcpyb.o ABSOLUTE
    ../clib/microlib/string/memcpy.c         0x00000000   Number         0  memcpya.o ABSOLUTE
    ../clib/microlib/string/memset.c         0x00000000   Number         0  memseta.o ABSOLUTE
    ../clib/microlib/stubs.s                 0x00000000   Number         0  iusefp.o ABSOLUTE
    ../fplib/microlib/d2f.c                  0x00000000   Number         0  d2f.o ABSOLUTE
    ../fplib/microlib/f2d.c                  0x00000000   Number         0  f2d.o ABSOLUTE
    ../fplib/microlib/fpadd.c                0x00000000   Number         0  dadd.o ABSOLUTE
    ../fplib/microlib/fpdiv.c                0x00000000   Number         0  ddiv.o ABSOLUTE
    ../fplib/microlib/fpepilogue.c           0x00000000   Number         0  fepilogue.o ABSOLUTE
    ../fplib/microlib/fpepilogue.c           0x00000000   Number         0  depilogue.o ABSOLUTE
    ../fplib/microlib/fpmul.c                0x00000000   Number         0  dmul.o ABSOLUTE
    ../fplib/microlib/fprem.c                0x00000000   Number         0  drem.o ABSOLUTE
    ../mathlib/dunder.c                      0x00000000   Number         0  dunder.o ABSOLUTE
    ../mathlib/floor.c                       0x00000000   Number         0  floor.o ABSOLUTE
    ../mathlib/fmod.c                        0x00000000   Number         0  fmod.o ABSOLUTE
    ../mathlib/fmod.c                        0x00000000   Number         0  fmod_x.o ABSOLUTE
    ..\Core\Foc\MBD_FOC_SENSORLESS_MODEL.c   0x00000000   Number         0  mbd_foc_sensorless_model.o ABSOLUTE
    ..\Core\Foc\MBD_FOC_SENSORLESS_MODEL_data.c 0x00000000   Number         0  mbd_foc_sensorless_model_data.o ABSOLUTE
    ..\Core\Foc\rtGetInf.c                   0x00000000   Number         0  rtgetinf.o ABSOLUTE
    ..\Core\Foc\rtGetNaN.c                   0x00000000   Number         0  rtgetnan.o ABSOLUTE
    ..\Core\Foc\rt_nonfinite.c               0x00000000   Number         0  rt_nonfinite.o ABSOLUTE
    ..\Core\Src\main.c                       0x00000000   Number         0  main.o ABSOLUTE
    ..\Core\Src\stm32f3xx_hal_msp.c          0x00000000   Number         0  stm32f3xx_hal_msp.o ABSOLUTE
    ..\Core\Src\stm32f3xx_it.c               0x00000000   Number         0  stm32f3xx_it.o ABSOLUTE
    ..\Core\Src\system_stm32f3xx.c           0x00000000   Number         0  system_stm32f3xx.o ABSOLUTE
    ..\Drivers\STM32F3xx_HAL_Driver\Src\stm32f3xx_hal.c 0x00000000   Number         0  stm32f3xx_hal.o ABSOLUTE
    ..\Drivers\STM32F3xx_HAL_Driver\Src\stm32f3xx_hal_adc.c 0x00000000   Number         0  stm32f3xx_hal_adc.o ABSOLUTE
    ..\Drivers\STM32F3xx_HAL_Driver\Src\stm32f3xx_hal_adc_ex.c 0x00000000   Number         0  stm32f3xx_hal_adc_ex.o ABSOLUTE
    ..\Drivers\STM32F3xx_HAL_Driver\Src\stm32f3xx_hal_cortex.c 0x00000000   Number         0  stm32f3xx_hal_cortex.o ABSOLUTE
    ..\Drivers\STM32F3xx_HAL_Driver\Src\stm32f3xx_hal_dma.c 0x00000000   Number         0  stm32f3xx_hal_dma.o ABSOLUTE
    ..\Drivers\STM32F3xx_HAL_Driver\Src\stm32f3xx_hal_exti.c 0x00000000   Number         0  stm32f3xx_hal_exti.o ABSOLUTE
    ..\Drivers\STM32F3xx_HAL_Driver\Src\stm32f3xx_hal_flash.c 0x00000000   Number         0  stm32f3xx_hal_flash.o ABSOLUTE
    ..\Drivers\STM32F3xx_HAL_Driver\Src\stm32f3xx_hal_flash_ex.c 0x00000000   Number         0  stm32f3xx_hal_flash_ex.o ABSOLUTE
    ..\Drivers\STM32F3xx_HAL_Driver\Src\stm32f3xx_hal_gpio.c 0x00000000   Number         0  stm32f3xx_hal_gpio.o ABSOLUTE
    ..\Drivers\STM32F3xx_HAL_Driver\Src\stm32f3xx_hal_i2c.c 0x00000000   Number         0  stm32f3xx_hal_i2c.o ABSOLUTE
    ..\Drivers\STM32F3xx_HAL_Driver\Src\stm32f3xx_hal_i2c_ex.c 0x00000000   Number         0  stm32f3xx_hal_i2c_ex.o ABSOLUTE
    ..\Drivers\STM32F3xx_HAL_Driver\Src\stm32f3xx_hal_pwr.c 0x00000000   Number         0  stm32f3xx_hal_pwr.o ABSOLUTE
    ..\Drivers\STM32F3xx_HAL_Driver\Src\stm32f3xx_hal_pwr_ex.c 0x00000000   Number         0  stm32f3xx_hal_pwr_ex.o ABSOLUTE
    ..\Drivers\STM32F3xx_HAL_Driver\Src\stm32f3xx_hal_rcc.c 0x00000000   Number         0  stm32f3xx_hal_rcc.o ABSOLUTE
    ..\Drivers\STM32F3xx_HAL_Driver\Src\stm32f3xx_hal_rcc_ex.c 0x00000000   Number         0  stm32f3xx_hal_rcc_ex.o ABSOLUTE
    ..\Drivers\STM32F3xx_HAL_Driver\Src\stm32f3xx_hal_tim.c 0x00000000   Number         0  stm32f3xx_hal_tim.o ABSOLUTE
    ..\Drivers\STM32F3xx_HAL_Driver\Src\stm32f3xx_hal_tim_ex.c 0x00000000   Number         0  stm32f3xx_hal_tim_ex.o ABSOLUTE
    ..\Drivers\STM32F3xx_HAL_Driver\Src\stm32f3xx_hal_uart.c 0x00000000   Number         0  stm32f3xx_hal_uart.o ABSOLUTE
    ..\Drivers\STM32F3xx_HAL_Driver\Src\stm32f3xx_hal_uart_ex.c 0x00000000   Number         0  stm32f3xx_hal_uart_ex.o ABSOLUTE
    cdcmple.s                                0x00000000   Number         0  cdcmple.o ABSOLUTE
    cdrcmple.s                               0x00000000   Number         0  cdrcmple.o ABSOLUTE
    dc.s                                     0x00000000   Number         0  dc.o ABSOLUTE
    handlers.s                               0x00000000   Number         0  handlers.o ABSOLUTE
    init.s                                   0x00000000   Number         0  init.o ABSOLUTE
    startup_stm32f302x8.s                    0x00000000   Number         0  startup_stm32f302x8.o ABSOLUTE
    RESET                                    0x08000000   Section      392  startup_stm32f302x8.o(RESET)
    .ARM.Collect$$$$00000000                 0x08000188   Section        0  entry.o(.ARM.Collect$$$$00000000)
    .ARM.Collect$$$$00000001                 0x08000188   Section        4  entry2.o(.ARM.Collect$$$$00000001)
    .ARM.Collect$$$$00000004                 0x0800018c   Section        4  entry5.o(.ARM.Collect$$$$00000004)
    .ARM.Collect$$$$00000008                 0x08000190   Section        0  entry7b.o(.ARM.Collect$$$$00000008)
    .ARM.Collect$$$$0000000A                 0x08000190   Section        0  entry8b.o(.ARM.Collect$$$$0000000A)
    .ARM.Collect$$$$0000000B                 0x08000190   Section        8  entry9a.o(.ARM.Collect$$$$0000000B)
    .ARM.Collect$$$$0000000D                 0x08000198   Section        0  entry10a.o(.ARM.Collect$$$$0000000D)
    .ARM.Collect$$$$0000000F                 0x08000198   Section        0  entry11a.o(.ARM.Collect$$$$0000000F)
    .ARM.Collect$$$$00002712                 0x08000198   Section        4  entry2.o(.ARM.Collect$$$$00002712)
    __lit__00000000                          0x08000198   Data           4  entry2.o(.ARM.Collect$$$$00002712)
    .text                                    0x0800019c   Section       36  startup_stm32f302x8.o(.text)
    $v0                                      0x0800019c   Number         0  startup_stm32f302x8.o(.text)
    .text                                    0x080001c0   Section        0  uldiv.o(.text)
    .text                                    0x08000222   Section        0  llushr.o(.text)
    .text                                    0x08000242   Section        0  memseta.o(.text)
    .text                                    0x08000266   Section        0  f2d.o(.text)
    .text                                    0x0800028c   Section        0  d2f.o(.text)
    .text                                    0x080002c4   Section        0  llshl.o(.text)
    .text                                    0x080002e2   Section        0  iusefp.o(.text)
    .text                                    0x080002e2   Section        0  fepilogue.o(.text)
    .text                                    0x08000350   Section        0  dadd.o(.text)
    .text                                    0x0800049e   Section        0  drem.o(.text)
    .text                                    0x08000524   Section       48  cdrcmple.o(.text)
    .text                                    0x08000554   Section       36  init.o(.text)
    .text                                    0x08000578   Section        0  llsshr.o(.text)
    .text                                    0x0800059c   Section        0  depilogue.o(.text)
    .text                                    0x08000656   Section        0  ddiv.o(.text)
    i.ADC1_IRQHandler                        0x08000734   Section        0  stm32f3xx_it.o(i.ADC1_IRQHandler)
    i.ADC_Disable                            0x08000744   Section        0  stm32f3xx_hal_adc_ex.o(i.ADC_Disable)
    ADC_Disable                              0x08000745   Thumb Code   152  stm32f3xx_hal_adc_ex.o(i.ADC_Disable)
    i.ADC_Enable                             0x080007dc   Section        0  stm32f3xx_hal_adc_ex.o(i.ADC_Enable)
    ADC_Enable                               0x080007dd   Thumb Code   140  stm32f3xx_hal_adc_ex.o(i.ADC_Enable)
    i.BusFault_Handler                       0x0800086c   Section        0  stm32f3xx_it.o(i.BusFault_Handler)
    i.DMA1_Channel4_IRQHandler               0x08000870   Section        0  stm32f3xx_it.o(i.DMA1_Channel4_IRQHandler)
    i.DMA1_Channel5_IRQHandler               0x08000880   Section        0  stm32f3xx_it.o(i.DMA1_Channel5_IRQHandler)
    i.DMA1_Channel6_IRQHandler               0x08000890   Section        0  stm32f3xx_it.o(i.DMA1_Channel6_IRQHandler)
    i.DMA1_Channel7_IRQHandler               0x080008a0   Section        0  stm32f3xx_it.o(i.DMA1_Channel7_IRQHandler)
    i.DMA_CalcBaseAndBitshift                0x080008b0   Section        0  stm32f3xx_hal_dma.o(i.DMA_CalcBaseAndBitshift)
    DMA_CalcBaseAndBitshift                  0x080008b1   Thumb Code    24  stm32f3xx_hal_dma.o(i.DMA_CalcBaseAndBitshift)
    i.DMA_SetConfig                          0x080008cc   Section        0  stm32f3xx_hal_dma.o(i.DMA_SetConfig)
    DMA_SetConfig                            0x080008cd   Thumb Code    44  stm32f3xx_hal_dma.o(i.DMA_SetConfig)
    i.DebugMon_Handler                       0x080008f8   Section        0  stm32f3xx_it.o(i.DebugMon_Handler)
    i.EXTI15_10_IRQHandler                   0x080008fa   Section        0  stm32f3xx_it.o(i.EXTI15_10_IRQHandler)
    i.Error_Handler                          0x0800090e   Section        0  main.o(i.Error_Handler)
    i.HAL_ADCEx_InjectedConfigChannel        0x08000914   Section        0  stm32f3xx_hal_adc_ex.o(i.HAL_ADCEx_InjectedConfigChannel)
    i.HAL_ADCEx_InjectedConvCpltCallback     0x08000dc4   Section        0  main.o(i.HAL_ADCEx_InjectedConvCpltCallback)
    i.HAL_ADCEx_InjectedGetValue             0x08000f8c   Section        0  stm32f3xx_hal_adc_ex.o(i.HAL_ADCEx_InjectedGetValue)
    i.HAL_ADCEx_InjectedQueueOverflowCallback 0x08000fc6   Section        0  stm32f3xx_hal_adc_ex.o(i.HAL_ADCEx_InjectedQueueOverflowCallback)
    i.HAL_ADCEx_InjectedStart_IT             0x08000fc8   Section        0  stm32f3xx_hal_adc_ex.o(i.HAL_ADCEx_InjectedStart_IT)
    i.HAL_ADCEx_LevelOutOfWindow2Callback    0x0800109e   Section        0  stm32f3xx_hal_adc_ex.o(i.HAL_ADCEx_LevelOutOfWindow2Callback)
    i.HAL_ADCEx_LevelOutOfWindow3Callback    0x080010a0   Section        0  stm32f3xx_hal_adc_ex.o(i.HAL_ADCEx_LevelOutOfWindow3Callback)
    i.HAL_ADC_ConfigChannel                  0x080010a4   Section        0  stm32f3xx_hal_adc_ex.o(i.HAL_ADC_ConfigChannel)
    i.HAL_ADC_ConvCpltCallback               0x080014a8   Section        0  stm32f3xx_hal_adc.o(i.HAL_ADC_ConvCpltCallback)
    i.HAL_ADC_ErrorCallback                  0x080014aa   Section        0  stm32f3xx_hal_adc.o(i.HAL_ADC_ErrorCallback)
    i.HAL_ADC_IRQHandler                     0x080014ac   Section        0  stm32f3xx_hal_adc_ex.o(i.HAL_ADC_IRQHandler)
    i.HAL_ADC_Init                           0x0800175c   Section        0  stm32f3xx_hal_adc_ex.o(i.HAL_ADC_Init)
    i.HAL_ADC_LevelOutOfWindowCallback       0x080019a0   Section        0  stm32f3xx_hal_adc.o(i.HAL_ADC_LevelOutOfWindowCallback)
    i.HAL_ADC_MspInit                        0x080019a4   Section        0  stm32f3xx_hal_msp.o(i.HAL_ADC_MspInit)
    i.HAL_DMA_Abort                          0x08001a40   Section        0  stm32f3xx_hal_dma.o(i.HAL_DMA_Abort)
    i.HAL_DMA_Abort_IT                       0x08001a94   Section        0  stm32f3xx_hal_dma.o(i.HAL_DMA_Abort_IT)
    i.HAL_DMA_IRQHandler                     0x08001aec   Section        0  stm32f3xx_hal_dma.o(i.HAL_DMA_IRQHandler)
    i.HAL_DMA_Init                           0x08001bd2   Section        0  stm32f3xx_hal_dma.o(i.HAL_DMA_Init)
    i.HAL_DMA_Start_IT                       0x08001c28   Section        0  stm32f3xx_hal_dma.o(i.HAL_DMA_Start_IT)
    i.HAL_GPIO_EXTI_Callback                 0x08001cc4   Section        0  stm32f3xx_hal_gpio.o(i.HAL_GPIO_EXTI_Callback)
    i.HAL_GPIO_EXTI_IRQHandler               0x08001cc8   Section        0  stm32f3xx_hal_gpio.o(i.HAL_GPIO_EXTI_IRQHandler)
    i.HAL_GPIO_Init                          0x08001ce4   Section        0  stm32f3xx_hal_gpio.o(i.HAL_GPIO_Init)
    i.HAL_GPIO_WritePin                      0x08001ea0   Section        0  stm32f3xx_hal_gpio.o(i.HAL_GPIO_WritePin)
    i.HAL_GetTick                            0x08001eac   Section        0  stm32f3xx_hal.o(i.HAL_GetTick)
    i.HAL_IncTick                            0x08001eb8   Section        0  stm32f3xx_hal.o(i.HAL_IncTick)
    i.HAL_Init                               0x08001ed0   Section        0  stm32f3xx_hal.o(i.HAL_Init)
    i.HAL_InitTick                           0x08001ef8   Section        0  stm32f3xx_hal.o(i.HAL_InitTick)
    i.HAL_MspInit                            0x08001f44   Section        0  stm32f3xx_hal_msp.o(i.HAL_MspInit)
    i.HAL_NVIC_EnableIRQ                     0x08001f84   Section        0  stm32f3xx_hal_cortex.o(i.HAL_NVIC_EnableIRQ)
    i.HAL_NVIC_SetPriority                   0x08001fa4   Section        0  stm32f3xx_hal_cortex.o(i.HAL_NVIC_SetPriority)
    i.HAL_NVIC_SetPriorityGrouping           0x08002020   Section        0  stm32f3xx_hal_cortex.o(i.HAL_NVIC_SetPriorityGrouping)
    i.HAL_RCCEx_PeriphCLKConfig              0x08002048   Section        0  stm32f3xx_hal_rcc_ex.o(i.HAL_RCCEx_PeriphCLKConfig)
    i.HAL_RCC_ClockConfig                    0x080022fc   Section        0  stm32f3xx_hal_rcc.o(i.HAL_RCC_ClockConfig)
    i.HAL_RCC_GetHCLKFreq                    0x080025a8   Section        0  stm32f3xx_hal_rcc.o(i.HAL_RCC_GetHCLKFreq)
    i.HAL_RCC_GetPCLK1Freq                   0x080025b4   Section        0  stm32f3xx_hal_rcc.o(i.HAL_RCC_GetPCLK1Freq)
    i.HAL_RCC_GetPCLK2Freq                   0x080025e0   Section        0  stm32f3xx_hal_rcc.o(i.HAL_RCC_GetPCLK2Freq)
    i.HAL_RCC_GetSysClockFreq                0x0800260c   Section        0  stm32f3xx_hal_rcc.o(i.HAL_RCC_GetSysClockFreq)
    i.HAL_RCC_OscConfig                      0x080026ac   Section        0  stm32f3xx_hal_rcc.o(i.HAL_RCC_OscConfig)
    i.HAL_SYSTICK_Config                     0x080030d0   Section        0  stm32f3xx_hal_cortex.o(i.HAL_SYSTICK_Config)
    i.HAL_TIMEx_Break2Callback               0x08003104   Section        0  stm32f3xx_hal_tim_ex.o(i.HAL_TIMEx_Break2Callback)
    i.HAL_TIMEx_BreakCallback                0x08003106   Section        0  stm32f3xx_hal_tim_ex.o(i.HAL_TIMEx_BreakCallback)
    i.HAL_TIMEx_CommutCallback               0x08003108   Section        0  stm32f3xx_hal_tim_ex.o(i.HAL_TIMEx_CommutCallback)
    i.HAL_TIMEx_ConfigBreakDeadTime          0x0800310c   Section        0  stm32f3xx_hal_tim_ex.o(i.HAL_TIMEx_ConfigBreakDeadTime)
    i.HAL_TIMEx_MasterConfigSynchronization  0x080031b4   Section        0  stm32f3xx_hal_tim_ex.o(i.HAL_TIMEx_MasterConfigSynchronization)
    i.HAL_TIM_Base_Init                      0x0800323c   Section        0  stm32f3xx_hal_tim.o(i.HAL_TIM_Base_Init)
    i.HAL_TIM_Base_MspInit                   0x080032ac   Section        0  stm32f3xx_hal_msp.o(i.HAL_TIM_Base_MspInit)
    i.HAL_TIM_ConfigClockSource              0x08003304   Section        0  stm32f3xx_hal_tim.o(i.HAL_TIM_ConfigClockSource)
    i.HAL_TIM_Encoder_Init                   0x08003410   Section        0  stm32f3xx_hal_tim.o(i.HAL_TIM_Encoder_Init)
    i.HAL_TIM_Encoder_MspInit                0x080034dc   Section        0  stm32f3xx_hal_msp.o(i.HAL_TIM_Encoder_MspInit)
    i.HAL_TIM_IC_CaptureCallback             0x08003588   Section        0  stm32f3xx_hal_tim.o(i.HAL_TIM_IC_CaptureCallback)
    i.HAL_TIM_IRQHandler                     0x0800358a   Section        0  stm32f3xx_hal_tim.o(i.HAL_TIM_IRQHandler)
    i.HAL_TIM_MspPostInit                    0x08003744   Section        0  stm32f3xx_hal_msp.o(i.HAL_TIM_MspPostInit)
    i.HAL_TIM_OC_DelayElapsedCallback        0x080037a0   Section        0  stm32f3xx_hal_tim.o(i.HAL_TIM_OC_DelayElapsedCallback)
    i.HAL_TIM_PWM_ConfigChannel              0x080037a2   Section        0  stm32f3xx_hal_tim.o(i.HAL_TIM_PWM_ConfigChannel)
    i.HAL_TIM_PWM_Init                       0x0800390a   Section        0  stm32f3xx_hal_tim.o(i.HAL_TIM_PWM_Init)
    i.HAL_TIM_PWM_MspInit                    0x08003978   Section        0  stm32f3xx_hal_tim.o(i.HAL_TIM_PWM_MspInit)
    i.HAL_TIM_PWM_PulseFinishedCallback      0x0800397a   Section        0  stm32f3xx_hal_tim.o(i.HAL_TIM_PWM_PulseFinishedCallback)
    i.HAL_TIM_PWM_Start_IT                   0x0800397c   Section        0  stm32f3xx_hal_tim.o(i.HAL_TIM_PWM_Start_IT)
    i.HAL_TIM_PeriodElapsedCallback          0x08003ae8   Section        0  stm32f3xx_hal_tim.o(i.HAL_TIM_PeriodElapsedCallback)
    i.HAL_TIM_TriggerCallback                0x08003aea   Section        0  stm32f3xx_hal_tim.o(i.HAL_TIM_TriggerCallback)
    i.HAL_UARTEx_RxEventCallback             0x08003aec   Section        0  stm32f3xx_hal_uart.o(i.HAL_UARTEx_RxEventCallback)
    i.HAL_UARTEx_WakeupCallback              0x08003aee   Section        0  stm32f3xx_hal_uart_ex.o(i.HAL_UARTEx_WakeupCallback)
    i.HAL_UART_ErrorCallback                 0x08003af0   Section        0  stm32f3xx_hal_uart.o(i.HAL_UART_ErrorCallback)
    i.HAL_UART_IRQHandler                    0x08003af4   Section        0  stm32f3xx_hal_uart.o(i.HAL_UART_IRQHandler)
    i.HAL_UART_Init                          0x08003db0   Section        0  stm32f3xx_hal_uart.o(i.HAL_UART_Init)
    i.HAL_UART_MspInit                       0x08003e24   Section        0  stm32f3xx_hal_msp.o(i.HAL_UART_MspInit)
    i.HAL_UART_Receive_DMA                   0x08003ff0   Section        0  stm32f3xx_hal_uart.o(i.HAL_UART_Receive_DMA)
    i.HAL_UART_RxCpltCallback                0x08004048   Section        0  main.o(i.HAL_UART_RxCpltCallback)
    i.HAL_UART_RxHalfCpltCallback            0x080040c0   Section        0  stm32f3xx_hal_uart.o(i.HAL_UART_RxHalfCpltCallback)
    i.HAL_UART_Transmit_DMA                  0x080040c4   Section        0  stm32f3xx_hal_uart.o(i.HAL_UART_Transmit_DMA)
    i.HAL_UART_TxCpltCallback                0x08004178   Section        0  stm32f3xx_hal_uart.o(i.HAL_UART_TxCpltCallback)
    i.HAL_UART_TxHalfCpltCallback            0x0800417a   Section        0  stm32f3xx_hal_uart.o(i.HAL_UART_TxHalfCpltCallback)
    i.HardFault_Handler                      0x0800417c   Section        0  stm32f3xx_it.o(i.HardFault_Handler)
    i.MBD_FOC_SENSORLESS_MODEL_SpeedControl  0x08004180   Section        0  mbd_foc_sensorless_model.o(i.MBD_FOC_SENSORLESS_MODEL_SpeedControl)
    i.MBD_FOC_SENSORLESS_MODEL_rt_atan2_Us16En11_Ys16En13_f_pw_cordic11 0x080043f0   Section        0  mbd_foc_sensorless_model.o(i.MBD_FOC_SENSORLESS_MODEL_rt_atan2_Us16En11_Ys16En13_f_pw_cordic11)
    MBD_FOC_SENSORLESS_MODEL_rt_atan2_Us16En11_Ys16En13_f_pw_cordic11 0x080043f1   Thumb Code   614  mbd_foc_sensorless_model.o(i.MBD_FOC_SENSORLESS_MODEL_rt_atan2_Us16En11_Ys16En13_f_pw_cordic11)
    i.MBD_FOC_SENSORLESS_MODEL_rt_sqrt_Us16En14_Ys16En14_Is32En28_s_s 0x08004668   Section        0  mbd_foc_sensorless_model.o(i.MBD_FOC_SENSORLESS_MODEL_rt_sqrt_Us16En14_Ys16En14_Is32En28_s_s)
    MBD_FOC_SENSORLESS_MODEL_rt_sqrt_Us16En14_Ys16En14_Is32En28_s_s 0x08004669   Thumb Code    58  mbd_foc_sensorless_model.o(i.MBD_FOC_SENSORLESS_MODEL_rt_sqrt_Us16En14_Ys16En14_Is32En28_s_s)
    i.MX_ADC1_Init                           0x080046a8   Section        0  main.o(i.MX_ADC1_Init)
    MX_ADC1_Init                             0x080046a9   Thumb Code   204  main.o(i.MX_ADC1_Init)
    i.MX_DMA_Init                            0x08004778   Section        0  main.o(i.MX_DMA_Init)
    MX_DMA_Init                              0x08004779   Thumb Code    96  main.o(i.MX_DMA_Init)
    i.MX_GPIO_Init                           0x080047dc   Section        0  main.o(i.MX_GPIO_Init)
    MX_GPIO_Init                             0x080047dd   Thumb Code   270  main.o(i.MX_GPIO_Init)
    i.MX_NVIC_Init                           0x08004900   Section        0  main.o(i.MX_NVIC_Init)
    MX_NVIC_Init                             0x08004901   Thumb Code    84  main.o(i.MX_NVIC_Init)
    i.MX_TIM1_Init                           0x08004954   Section        0  main.o(i.MX_TIM1_Init)
    MX_TIM1_Init                             0x08004955   Thumb Code   262  main.o(i.MX_TIM1_Init)
    i.MX_TIM2_Init                           0x08004a64   Section        0  main.o(i.MX_TIM2_Init)
    MX_TIM2_Init                             0x08004a65   Thumb Code   120  main.o(i.MX_TIM2_Init)
    i.MX_TIM6_Init                           0x08004ae0   Section        0  main.o(i.MX_TIM6_Init)
    MX_TIM6_Init                             0x08004ae1   Thumb Code    70  main.o(i.MX_TIM6_Init)
    i.MX_USART1_UART_Init                    0x08004b30   Section        0  main.o(i.MX_USART1_UART_Init)
    MX_USART1_UART_Init                      0x08004b31   Thumb Code    60  main.o(i.MX_USART1_UART_Init)
    i.MX_USART2_UART_Init                    0x08004b78   Section        0  main.o(i.MX_USART2_UART_Init)
    MX_USART2_UART_Init                      0x08004b79   Thumb Code    54  main.o(i.MX_USART2_UART_Init)
    i.MbdFocSensorlessCurrentCtrl            0x08004bbc   Section        0  mbd_foc_sensorless_model.o(i.MbdFocSensorlessCurrentCtrl)
    i.MbdFocSensorlessInit                   0x080057a4   Section        0  mbd_foc_sensorless_model.o(i.MbdFocSensorlessInit)
    i.MbdFocSpdCtrl                          0x080057b8   Section        0  mbd_foc_sensorless_model.o(i.MbdFocSpdCtrl)
    i.MemManage_Handler                      0x0800584c   Section        0  stm32f3xx_it.o(i.MemManage_Handler)
    i.NMI_Handler                            0x08005850   Section        0  stm32f3xx_it.o(i.NMI_Handler)
    i.PendSV_Handler                         0x08005854   Section        0  stm32f3xx_it.o(i.PendSV_Handler)
    i.SVC_Handler                            0x08005856   Section        0  stm32f3xx_it.o(i.SVC_Handler)
    i.SysTick_Handler                        0x08005858   Section        0  stm32f3xx_it.o(i.SysTick_Handler)
    i.SystemClock_Config                     0x08005860   Section        0  main.o(i.SystemClock_Config)
    i.SystemInit                             0x080058e4   Section        0  system_stm32f3xx.o(i.SystemInit)
    i.TIM1_UP_TIM16_IRQHandler               0x080058f8   Section        0  stm32f3xx_it.o(i.TIM1_UP_TIM16_IRQHandler)
    i.TIM6_DAC_IRQHandler                    0x08005908   Section        0  stm32f3xx_it.o(i.TIM6_DAC_IRQHandler)
    i.TIM_Base_SetConfig                     0x08005918   Section        0  stm32f3xx_hal_tim.o(i.TIM_Base_SetConfig)
    i.TIM_CCxChannelCmd                      0x0800599c   Section        0  stm32f3xx_hal_tim.o(i.TIM_CCxChannelCmd)
    i.TIM_ETR_SetConfig                      0x080059be   Section        0  stm32f3xx_hal_tim.o(i.TIM_ETR_SetConfig)
    i.TIM_ITRx_SetConfig                     0x080059d4   Section        0  stm32f3xx_hal_tim.o(i.TIM_ITRx_SetConfig)
    TIM_ITRx_SetConfig                       0x080059d5   Thumb Code    18  stm32f3xx_hal_tim.o(i.TIM_ITRx_SetConfig)
    i.TIM_OC1_SetConfig                      0x080059e8   Section        0  stm32f3xx_hal_tim.o(i.TIM_OC1_SetConfig)
    TIM_OC1_SetConfig                        0x080059e9   Thumb Code   132  stm32f3xx_hal_tim.o(i.TIM_OC1_SetConfig)
    i.TIM_OC2_SetConfig                      0x08005a80   Section        0  stm32f3xx_hal_tim.o(i.TIM_OC2_SetConfig)
    i.TIM_OC3_SetConfig                      0x08005b24   Section        0  stm32f3xx_hal_tim.o(i.TIM_OC3_SetConfig)
    TIM_OC3_SetConfig                        0x08005b25   Thumb Code   140  stm32f3xx_hal_tim.o(i.TIM_OC3_SetConfig)
    i.TIM_OC4_SetConfig                      0x08005bc4   Section        0  stm32f3xx_hal_tim.o(i.TIM_OC4_SetConfig)
    TIM_OC4_SetConfig                        0x08005bc5   Thumb Code    86  stm32f3xx_hal_tim.o(i.TIM_OC4_SetConfig)
    i.TIM_OC5_SetConfig                      0x08005c30   Section        0  stm32f3xx_hal_tim.o(i.TIM_OC5_SetConfig)
    TIM_OC5_SetConfig                        0x08005c31   Thumb Code    80  stm32f3xx_hal_tim.o(i.TIM_OC5_SetConfig)
    i.TIM_OC6_SetConfig                      0x08005c94   Section        0  stm32f3xx_hal_tim.o(i.TIM_OC6_SetConfig)
    TIM_OC6_SetConfig                        0x08005c95   Thumb Code    82  stm32f3xx_hal_tim.o(i.TIM_OC6_SetConfig)
    i.TIM_TI1_ConfigInputStage               0x08005cfc   Section        0  stm32f3xx_hal_tim.o(i.TIM_TI1_ConfigInputStage)
    TIM_TI1_ConfigInputStage                 0x08005cfd   Thumb Code    38  stm32f3xx_hal_tim.o(i.TIM_TI1_ConfigInputStage)
    i.TIM_TI2_ConfigInputStage               0x08005d22   Section        0  stm32f3xx_hal_tim.o(i.TIM_TI2_ConfigInputStage)
    TIM_TI2_ConfigInputStage                 0x08005d23   Thumb Code    40  stm32f3xx_hal_tim.o(i.TIM_TI2_ConfigInputStage)
    i.UART_AdvFeatureConfig                  0x08005d4a   Section        0  stm32f3xx_hal_uart.o(i.UART_AdvFeatureConfig)
    i.UART_CheckIdleState                    0x08005e42   Section        0  stm32f3xx_hal_uart.o(i.UART_CheckIdleState)
    i.UART_DMAAbortOnError                   0x08005eb4   Section        0  stm32f3xx_hal_uart.o(i.UART_DMAAbortOnError)
    UART_DMAAbortOnError                     0x08005eb5   Thumb Code    24  stm32f3xx_hal_uart.o(i.UART_DMAAbortOnError)
    i.UART_DMAError                          0x08005ecc   Section        0  stm32f3xx_hal_uart.o(i.UART_DMAError)
    UART_DMAError                            0x08005ecd   Thumb Code    90  stm32f3xx_hal_uart.o(i.UART_DMAError)
    i.UART_DMAReceiveCplt                    0x08005f26   Section        0  stm32f3xx_hal_uart.o(i.UART_DMAReceiveCplt)
    UART_DMAReceiveCplt                      0x08005f27   Thumb Code   102  stm32f3xx_hal_uart.o(i.UART_DMAReceiveCplt)
    i.UART_DMARxHalfCplt                     0x08005f8c   Section        0  stm32f3xx_hal_uart.o(i.UART_DMARxHalfCplt)
    UART_DMARxHalfCplt                       0x08005f8d   Thumb Code    34  stm32f3xx_hal_uart.o(i.UART_DMARxHalfCplt)
    i.UART_DMATransmitCplt                   0x08005fae   Section        0  stm32f3xx_hal_uart.o(i.UART_DMATransmitCplt)
    UART_DMATransmitCplt                     0x08005faf   Thumb Code    52  stm32f3xx_hal_uart.o(i.UART_DMATransmitCplt)
    i.UART_DMATxHalfCplt                     0x08005fe2   Section        0  stm32f3xx_hal_uart.o(i.UART_DMATxHalfCplt)
    UART_DMATxHalfCplt                       0x08005fe3   Thumb Code    14  stm32f3xx_hal_uart.o(i.UART_DMATxHalfCplt)
    i.UART_EndRxTransfer                     0x08005ff0   Section        0  stm32f3xx_hal_uart.o(i.UART_EndRxTransfer)
    UART_EndRxTransfer                       0x08005ff1   Thumb Code    54  stm32f3xx_hal_uart.o(i.UART_EndRxTransfer)
    i.UART_EndTransmit_IT                    0x08006026   Section        0  stm32f3xx_hal_uart.o(i.UART_EndTransmit_IT)
    UART_EndTransmit_IT                      0x08006027   Thumb Code    32  stm32f3xx_hal_uart.o(i.UART_EndTransmit_IT)
    i.UART_EndTxTransfer                     0x08006046   Section        0  stm32f3xx_hal_uart.o(i.UART_EndTxTransfer)
    UART_EndTxTransfer                       0x08006047   Thumb Code    18  stm32f3xx_hal_uart.o(i.UART_EndTxTransfer)
    i.UART_SetConfig                         0x08006058   Section        0  stm32f3xx_hal_uart.o(i.UART_SetConfig)
    i.UART_Start_Receive_DMA                 0x08006208   Section        0  stm32f3xx_hal_uart.o(i.UART_Start_Receive_DMA)
    i.UART_WaitOnFlagUntilTimeout            0x080062a4   Section        0  stm32f3xx_hal_uart.o(i.UART_WaitOnFlagUntilTimeout)
    i.USART1_IRQHandler                      0x0800635c   Section        0  stm32f3xx_it.o(i.USART1_IRQHandler)
    i.USART2_IRQHandler                      0x0800636c   Section        0  stm32f3xx_it.o(i.USART2_IRQHandler)
    i.UsageFault_Handler                     0x0800637c   Section        0  stm32f3xx_it.o(i.UsageFault_Handler)
    i.__NVIC_GetPriorityGrouping             0x08006380   Section        0  stm32f3xx_hal_cortex.o(i.__NVIC_GetPriorityGrouping)
    __NVIC_GetPriorityGrouping               0x08006381   Thumb Code    10  stm32f3xx_hal_cortex.o(i.__NVIC_GetPriorityGrouping)
    i.__NVIC_SetPriority                     0x08006390   Section        0  stm32f3xx_hal_cortex.o(i.__NVIC_SetPriority)
    __NVIC_SetPriority                       0x08006391   Thumb Code    32  stm32f3xx_hal_cortex.o(i.__NVIC_SetPriority)
    i.__hardfp_floor                         0x080063b8   Section        0  floor.o(i.__hardfp_floor)
    i.__hardfp_fmod                          0x080064d0   Section        0  fmod.o(i.__hardfp_fmod)
    i.__mathlib_dbl_invalid                  0x080065d8   Section        0  dunder.o(i.__mathlib_dbl_invalid)
    i.__scatterload_copy                     0x080065f8   Section       14  handlers.o(i.__scatterload_copy)
    i.__scatterload_null                     0x08006606   Section        2  handlers.o(i.__scatterload_null)
    i.__scatterload_zeroinit                 0x08006608   Section       14  handlers.o(i.__scatterload_zeroinit)
    i.__set_errno                            0x08006618   Section        0  errno.o(i.__set_errno)
    i.div_s32_floor                          0x08006624   Section        0  mbd_foc_sensorless_model.o(i.div_s32_floor)
    i.main                                   0x0800667c   Section        0  main.o(i.main)
    i.mul_s32_hiSR                           0x08006710   Section        0  mbd_foc_sensorless_model.o(i.mul_s32_hiSR)
    i.mul_s32_loSR                           0x0800672a   Section        0  mbd_foc_sensorless_model.o(i.mul_s32_loSR)
    i.mul_u32_hiSR                           0x08006752   Section        0  mbd_foc_sensorless_model.o(i.mul_u32_hiSR)
    i.mul_wide_s32                           0x0800676c   Section        0  mbd_foc_sensorless_model.o(i.mul_wide_s32)
    i.mul_wide_u32                           0x08006810   Section        0  mbd_foc_sensorless_model.o(i.mul_wide_u32)
    i.rtGetInf                               0x08006860   Section        0  rtgetinf.o(i.rtGetInf)
    i.rtGetInfF                              0x080068c0   Section        0  rtgetinf.o(i.rtGetInfF)
    i.rtGetMinusInf                          0x080068d0   Section        0  rtgetinf.o(i.rtGetMinusInf)
    i.rtGetMinusInfF                         0x08006930   Section        0  rtgetinf.o(i.rtGetMinusInfF)
    i.rtGetNaN                               0x08006940   Section        0  rtgetnan.o(i.rtGetNaN)
    i.rtGetNaNF                              0x080069a0   Section        0  rtgetnan.o(i.rtGetNaNF)
    i.rtIsInfF                               0x080069b4   Section        0  rt_nonfinite.o(i.rtIsInfF)
    i.rtIsNaNF                               0x080069e4   Section        0  rt_nonfinite.o(i.rtIsNaNF)
    i.rt_InitInfAndNaN                       0x08006a08   Section        0  rt_nonfinite.o(i.rt_InitInfAndNaN)
    i.rt_OneStep                             0x08006a64   Section        0  main.o(i.rt_OneStep)
    .constdata                               0x08006b00   Section       26  mbd_foc_sensorless_model.o(.constdata)
    atan2_cordicLUT_n11_s16En13              0x08006b04   Data          22  mbd_foc_sensorless_model.o(.constdata)
    .constdata                               0x08006b1c   Section     2012  mbd_foc_sensorless_model_data.o(.constdata)
    .constdata                               0x080072f8   Section       32  stm32f3xx_hal_rcc.o(.constdata)
    .constdata                               0x08007318   Section       24  system_stm32f3xx.o(.constdata)
    .data                                    0x20000000   Section       46  main.o(.data)
    OverrunFlags                             0x2000001d   Data           2  main.o(.data)
    eventFlags                               0x2000001f   Data           2  main.o(.data)
    taskCounter                              0x20000024   Data           8  main.o(.data)
    aa                                       0x2000002c   Data           2  main.o(.data)
    .data                                    0x20000030   Section       36  rt_nonfinite.o(.data)
    .data                                    0x20000054   Section       16  mbd_foc_sensorless_model.o(.data)
    MBD_FOC_SENSORLESS_MODEL_M_              0x20000060   Data           4  mbd_foc_sensorless_model.o(.data)
    .data                                    0x20000064   Section        9  stm32f3xx_hal.o(.data)
    .data                                    0x20000070   Section        4  system_stm32f3xx.o(.data)
    .data                                    0x20000074   Section        4  errno.o(.data)
    _errno                                   0x20000074   Data           4  errno.o(.data)
    .bss                                     0x20000078   Section      844  main.o(.bss)
    .bss                                     0x200003c4   Section      192  mbd_foc_sensorless_model.o(.bss)
    STACK                                    0x20000488   Section     1024  startup_stm32f302x8.o(STACK)

    Global Symbols

    Symbol Name                              Value     Ov Type        Size  Object(Section)

    BuildAttributes$$THM_ISAv4$E$P$D$K$B$S$7EM$VFPi3$EXTD16$VFPS$VFMA$PE$A:L22UL41UL21$X:L11$S22US41US21$IEEE1$IW$USESV6$~STKCKD$USESV7$~SHL$OTIME$ROPI$IEEEX$EBA8$MICROLIB$REQ8$PRES8$EABIv2 0x00000000   Number         0  anon$$obj.o ABSOLUTE
    __ARM_use_no_argv                        0x00000000   Number         0  main.o ABSOLUTE
    __cpp_initialize__aeabi_                  - Undefined Weak Reference
    __cxa_finalize                            - Undefined Weak Reference
    __decompress                              - Undefined Weak Reference
    _clock_init                               - Undefined Weak Reference
    _microlib_exit                            - Undefined Weak Reference
    __Vectors_Size                           0x00000188   Number         0  startup_stm32f302x8.o ABSOLUTE
    __Vectors                                0x08000000   Data           4  startup_stm32f302x8.o(RESET)
    __Vectors_End                            0x08000188   Data           0  startup_stm32f302x8.o(RESET)
    __main                                   0x08000189   Thumb Code     0  entry.o(.ARM.Collect$$$$00000000)
    _main_stk                                0x08000189   Thumb Code     0  entry2.o(.ARM.Collect$$$$00000001)
    _main_scatterload                        0x0800018d   Thumb Code     0  entry5.o(.ARM.Collect$$$$00000004)
    __main_after_scatterload                 0x08000191   Thumb Code     0  entry5.o(.ARM.Collect$$$$00000004)
    _main_clock                              0x08000191   Thumb Code     0  entry7b.o(.ARM.Collect$$$$00000008)
    _main_cpp_init                           0x08000191   Thumb Code     0  entry8b.o(.ARM.Collect$$$$0000000A)
    _main_init                               0x08000191   Thumb Code     0  entry9a.o(.ARM.Collect$$$$0000000B)
    __rt_final_cpp                           0x08000199   Thumb Code     0  entry10a.o(.ARM.Collect$$$$0000000D)
    __rt_final_exit                          0x08000199   Thumb Code     0  entry11a.o(.ARM.Collect$$$$0000000F)
    Reset_Handler                            0x0800019d   Thumb Code     8  startup_stm32f302x8.o(.text)
    CAN_RX1_IRQHandler                       0x080001b7   Thumb Code     0  startup_stm32f302x8.o(.text)
    CAN_SCE_IRQHandler                       0x080001b7   Thumb Code     0  startup_stm32f302x8.o(.text)
    COMP2_IRQHandler                         0x080001b7   Thumb Code     0  startup_stm32f302x8.o(.text)
    COMP4_6_IRQHandler                       0x080001b7   Thumb Code     0  startup_stm32f302x8.o(.text)
    DMA1_Channel1_IRQHandler                 0x080001b7   Thumb Code     0  startup_stm32f302x8.o(.text)
    DMA1_Channel2_IRQHandler                 0x080001b7   Thumb Code     0  startup_stm32f302x8.o(.text)
    DMA1_Channel3_IRQHandler                 0x080001b7   Thumb Code     0  startup_stm32f302x8.o(.text)
    EXTI0_IRQHandler                         0x080001b7   Thumb Code     0  startup_stm32f302x8.o(.text)
    EXTI1_IRQHandler                         0x080001b7   Thumb Code     0  startup_stm32f302x8.o(.text)
    EXTI2_TSC_IRQHandler                     0x080001b7   Thumb Code     0  startup_stm32f302x8.o(.text)
    EXTI3_IRQHandler                         0x080001b7   Thumb Code     0  startup_stm32f302x8.o(.text)
    EXTI4_IRQHandler                         0x080001b7   Thumb Code     0  startup_stm32f302x8.o(.text)
    EXTI9_5_IRQHandler                       0x080001b7   Thumb Code     0  startup_stm32f302x8.o(.text)
    FLASH_IRQHandler                         0x080001b7   Thumb Code     0  startup_stm32f302x8.o(.text)
    FPU_IRQHandler                           0x080001b7   Thumb Code     0  startup_stm32f302x8.o(.text)
    I2C1_ER_IRQHandler                       0x080001b7   Thumb Code     0  startup_stm32f302x8.o(.text)
    I2C1_EV_IRQHandler                       0x080001b7   Thumb Code     0  startup_stm32f302x8.o(.text)
    I2C2_ER_IRQHandler                       0x080001b7   Thumb Code     0  startup_stm32f302x8.o(.text)
    I2C2_EV_IRQHandler                       0x080001b7   Thumb Code     0  startup_stm32f302x8.o(.text)
    I2C3_ER_IRQHandler                       0x080001b7   Thumb Code     0  startup_stm32f302x8.o(.text)
    I2C3_EV_IRQHandler                       0x080001b7   Thumb Code     0  startup_stm32f302x8.o(.text)
    PVD_IRQHandler                           0x080001b7   Thumb Code     0  startup_stm32f302x8.o(.text)
    RCC_IRQHandler                           0x080001b7   Thumb Code     0  startup_stm32f302x8.o(.text)
    RTC_Alarm_IRQHandler                     0x080001b7   Thumb Code     0  startup_stm32f302x8.o(.text)
    RTC_WKUP_IRQHandler                      0x080001b7   Thumb Code     0  startup_stm32f302x8.o(.text)
    SPI2_IRQHandler                          0x080001b7   Thumb Code     0  startup_stm32f302x8.o(.text)
    SPI3_IRQHandler                          0x080001b7   Thumb Code     0  startup_stm32f302x8.o(.text)
    TAMP_STAMP_IRQHandler                    0x080001b7   Thumb Code     0  startup_stm32f302x8.o(.text)
    TIM1_BRK_TIM15_IRQHandler                0x080001b7   Thumb Code     0  startup_stm32f302x8.o(.text)
    TIM1_CC_IRQHandler                       0x080001b7   Thumb Code     0  startup_stm32f302x8.o(.text)
    TIM1_TRG_COM_TIM17_IRQHandler            0x080001b7   Thumb Code     0  startup_stm32f302x8.o(.text)
    TIM2_IRQHandler                          0x080001b7   Thumb Code     0  startup_stm32f302x8.o(.text)
    USART3_IRQHandler                        0x080001b7   Thumb Code     0  startup_stm32f302x8.o(.text)
    USBWakeUp_IRQHandler                     0x080001b7   Thumb Code     0  startup_stm32f302x8.o(.text)
    USBWakeUp_RMP_IRQHandler                 0x080001b7   Thumb Code     0  startup_stm32f302x8.o(.text)
    USB_HP_CAN_TX_IRQHandler                 0x080001b7   Thumb Code     0  startup_stm32f302x8.o(.text)
    USB_HP_IRQHandler                        0x080001b7   Thumb Code     0  startup_stm32f302x8.o(.text)
    USB_LP_CAN_RX0_IRQHandler                0x080001b7   Thumb Code     0  startup_stm32f302x8.o(.text)
    USB_LP_IRQHandler                        0x080001b7   Thumb Code     0  startup_stm32f302x8.o(.text)
    WWDG_IRQHandler                          0x080001b7   Thumb Code     0  startup_stm32f302x8.o(.text)
    __aeabi_uldivmod                         0x080001c1   Thumb Code    98  uldiv.o(.text)
    __aeabi_llsr                             0x08000223   Thumb Code    32  llushr.o(.text)
    _ll_ushift_r                             0x08000223   Thumb Code     0  llushr.o(.text)
    __aeabi_memset                           0x08000243   Thumb Code    14  memseta.o(.text)
    __aeabi_memset4                          0x08000243   Thumb Code     0  memseta.o(.text)
    __aeabi_memset8                          0x08000243   Thumb Code     0  memseta.o(.text)
    __aeabi_memclr                           0x08000251   Thumb Code     4  memseta.o(.text)
    __aeabi_memclr4                          0x08000251   Thumb Code     0  memseta.o(.text)
    __aeabi_memclr8                          0x08000251   Thumb Code     0  memseta.o(.text)
    _memset$wrapper                          0x08000255   Thumb Code    18  memseta.o(.text)
    __aeabi_f2d                              0x08000267   Thumb Code    38  f2d.o(.text)
    __aeabi_d2f                              0x0800028d   Thumb Code    56  d2f.o(.text)
    __aeabi_llsl                             0x080002c5   Thumb Code    30  llshl.o(.text)
    _ll_shift_l                              0x080002c5   Thumb Code     0  llshl.o(.text)
    __I$use$fp                               0x080002e3   Thumb Code     0  iusefp.o(.text)
    _float_round                             0x080002e3   Thumb Code    18  fepilogue.o(.text)
    _float_epilogue                          0x080002f5   Thumb Code    92  fepilogue.o(.text)
    __aeabi_dadd                             0x08000351   Thumb Code   322  dadd.o(.text)
    __aeabi_dsub                             0x08000493   Thumb Code     6  dadd.o(.text)
    __aeabi_drsub                            0x08000499   Thumb Code     6  dadd.o(.text)
    _drem                                    0x0800049f   Thumb Code   134  drem.o(.text)
    __aeabi_cdrcmple                         0x08000525   Thumb Code    48  cdrcmple.o(.text)
    __scatterload                            0x08000555   Thumb Code    28  init.o(.text)
    __scatterload_rt2                        0x08000555   Thumb Code     0  init.o(.text)
    __aeabi_lasr                             0x08000579   Thumb Code    36  llsshr.o(.text)
    _ll_sshift_r                             0x08000579   Thumb Code     0  llsshr.o(.text)
    _double_round                            0x0800059d   Thumb Code    30  depilogue.o(.text)
    _double_epilogue                         0x080005bb   Thumb Code   156  depilogue.o(.text)
    __aeabi_ddiv                             0x08000657   Thumb Code   222  ddiv.o(.text)
    ADC1_IRQHandler                          0x08000735   Thumb Code    10  stm32f3xx_it.o(i.ADC1_IRQHandler)
    BusFault_Handler                         0x0800086d   Thumb Code     4  stm32f3xx_it.o(i.BusFault_Handler)
    DMA1_Channel4_IRQHandler                 0x08000871   Thumb Code    10  stm32f3xx_it.o(i.DMA1_Channel4_IRQHandler)
    DMA1_Channel5_IRQHandler                 0x08000881   Thumb Code    10  stm32f3xx_it.o(i.DMA1_Channel5_IRQHandler)
    DMA1_Channel6_IRQHandler                 0x08000891   Thumb Code    10  stm32f3xx_it.o(i.DMA1_Channel6_IRQHandler)
    DMA1_Channel7_IRQHandler                 0x080008a1   Thumb Code    10  stm32f3xx_it.o(i.DMA1_Channel7_IRQHandler)
    DebugMon_Handler                         0x080008f9   Thumb Code     2  stm32f3xx_it.o(i.DebugMon_Handler)
    EXTI15_10_IRQHandler                     0x080008fb   Thumb Code    20  stm32f3xx_it.o(i.EXTI15_10_IRQHandler)
    Error_Handler                            0x0800090f   Thumb Code     6  main.o(i.Error_Handler)
    HAL_ADCEx_InjectedConfigChannel          0x08000915   Thumb Code  1198  stm32f3xx_hal_adc_ex.o(i.HAL_ADCEx_InjectedConfigChannel)
    HAL_ADCEx_InjectedConvCpltCallback       0x08000dc5   Thumb Code   388  main.o(i.HAL_ADCEx_InjectedConvCpltCallback)
    HAL_ADCEx_InjectedGetValue               0x08000f8d   Thumb Code    58  stm32f3xx_hal_adc_ex.o(i.HAL_ADCEx_InjectedGetValue)
    HAL_ADCEx_InjectedQueueOverflowCallback  0x08000fc7   Thumb Code     2  stm32f3xx_hal_adc_ex.o(i.HAL_ADCEx_InjectedQueueOverflowCallback)
    HAL_ADCEx_InjectedStart_IT               0x08000fc9   Thumb Code   214  stm32f3xx_hal_adc_ex.o(i.HAL_ADCEx_InjectedStart_IT)
    HAL_ADCEx_LevelOutOfWindow2Callback      0x0800109f   Thumb Code     2  stm32f3xx_hal_adc_ex.o(i.HAL_ADCEx_LevelOutOfWindow2Callback)
    HAL_ADCEx_LevelOutOfWindow3Callback      0x080010a1   Thumb Code     2  stm32f3xx_hal_adc_ex.o(i.HAL_ADCEx_LevelOutOfWindow3Callback)
    HAL_ADC_ConfigChannel                    0x080010a5   Thumb Code  1012  stm32f3xx_hal_adc_ex.o(i.HAL_ADC_ConfigChannel)
    HAL_ADC_ConvCpltCallback                 0x080014a9   Thumb Code     2  stm32f3xx_hal_adc.o(i.HAL_ADC_ConvCpltCallback)
    HAL_ADC_ErrorCallback                    0x080014ab   Thumb Code     2  stm32f3xx_hal_adc.o(i.HAL_ADC_ErrorCallback)
    HAL_ADC_IRQHandler                       0x080014ad   Thumb Code   682  stm32f3xx_hal_adc_ex.o(i.HAL_ADC_IRQHandler)
    HAL_ADC_Init                             0x0800175d   Thumb Code   562  stm32f3xx_hal_adc_ex.o(i.HAL_ADC_Init)
    HAL_ADC_LevelOutOfWindowCallback         0x080019a1   Thumb Code     2  stm32f3xx_hal_adc.o(i.HAL_ADC_LevelOutOfWindowCallback)
    HAL_ADC_MspInit                          0x080019a5   Thumb Code   148  stm32f3xx_hal_msp.o(i.HAL_ADC_MspInit)
    HAL_DMA_Abort                            0x08001a41   Thumb Code    84  stm32f3xx_hal_dma.o(i.HAL_DMA_Abort)
    HAL_DMA_Abort_IT                         0x08001a95   Thumb Code    88  stm32f3xx_hal_dma.o(i.HAL_DMA_Abort_IT)
    HAL_DMA_IRQHandler                       0x08001aed   Thumb Code   230  stm32f3xx_hal_dma.o(i.HAL_DMA_IRQHandler)
    HAL_DMA_Init                             0x08001bd3   Thumb Code    86  stm32f3xx_hal_dma.o(i.HAL_DMA_Init)
    HAL_DMA_Start_IT                         0x08001c29   Thumb Code   156  stm32f3xx_hal_dma.o(i.HAL_DMA_Start_IT)
    HAL_GPIO_EXTI_Callback                   0x08001cc5   Thumb Code     2  stm32f3xx_hal_gpio.o(i.HAL_GPIO_EXTI_Callback)
    HAL_GPIO_EXTI_IRQHandler                 0x08001cc9   Thumb Code    24  stm32f3xx_hal_gpio.o(i.HAL_GPIO_EXTI_IRQHandler)
    HAL_GPIO_Init                            0x08001ce5   Thumb Code   418  stm32f3xx_hal_gpio.o(i.HAL_GPIO_Init)
    HAL_GPIO_WritePin                        0x08001ea1   Thumb Code    10  stm32f3xx_hal_gpio.o(i.HAL_GPIO_WritePin)
    HAL_GetTick                              0x08001ead   Thumb Code     6  stm32f3xx_hal.o(i.HAL_GetTick)
    HAL_IncTick                              0x08001eb9   Thumb Code    16  stm32f3xx_hal.o(i.HAL_IncTick)
    HAL_Init                                 0x08001ed1   Thumb Code    34  stm32f3xx_hal.o(i.HAL_Init)
    HAL_InitTick                             0x08001ef9   Thumb Code    64  stm32f3xx_hal.o(i.HAL_InitTick)
    HAL_MspInit                              0x08001f45   Thumb Code    58  stm32f3xx_hal_msp.o(i.HAL_MspInit)
    HAL_NVIC_EnableIRQ                       0x08001f85   Thumb Code    32  stm32f3xx_hal_cortex.o(i.HAL_NVIC_EnableIRQ)
    HAL_NVIC_SetPriority                     0x08001fa5   Thumb Code   124  stm32f3xx_hal_cortex.o(i.HAL_NVIC_SetPriority)
    HAL_NVIC_SetPriorityGrouping             0x08002021   Thumb Code    32  stm32f3xx_hal_cortex.o(i.HAL_NVIC_SetPriorityGrouping)
    HAL_RCCEx_PeriphCLKConfig                0x08002049   Thumb Code   680  stm32f3xx_hal_rcc_ex.o(i.HAL_RCCEx_PeriphCLKConfig)
    HAL_RCC_ClockConfig                      0x080022fd   Thumb Code   664  stm32f3xx_hal_rcc.o(i.HAL_RCC_ClockConfig)
    HAL_RCC_GetHCLKFreq                      0x080025a9   Thumb Code     6  stm32f3xx_hal_rcc.o(i.HAL_RCC_GetHCLKFreq)
    HAL_RCC_GetPCLK1Freq                     0x080025b5   Thumb Code    36  stm32f3xx_hal_rcc.o(i.HAL_RCC_GetPCLK1Freq)
    HAL_RCC_GetPCLK2Freq                     0x080025e1   Thumb Code    36  stm32f3xx_hal_rcc.o(i.HAL_RCC_GetPCLK2Freq)
    HAL_RCC_GetSysClockFreq                  0x0800260d   Thumb Code   138  stm32f3xx_hal_rcc.o(i.HAL_RCC_GetSysClockFreq)
    HAL_RCC_OscConfig                        0x080026ad   Thumb Code  2586  stm32f3xx_hal_rcc.o(i.HAL_RCC_OscConfig)
    HAL_SYSTICK_Config                       0x080030d1   Thumb Code    52  stm32f3xx_hal_cortex.o(i.HAL_SYSTICK_Config)
    HAL_TIMEx_Break2Callback                 0x08003105   Thumb Code     2  stm32f3xx_hal_tim_ex.o(i.HAL_TIMEx_Break2Callback)
    HAL_TIMEx_BreakCallback                  0x08003107   Thumb Code     2  stm32f3xx_hal_tim_ex.o(i.HAL_TIMEx_BreakCallback)
    HAL_TIMEx_CommutCallback                 0x08003109   Thumb Code     2  stm32f3xx_hal_tim_ex.o(i.HAL_TIMEx_CommutCallback)
    HAL_TIMEx_ConfigBreakDeadTime            0x0800310d   Thumb Code   164  stm32f3xx_hal_tim_ex.o(i.HAL_TIMEx_ConfigBreakDeadTime)
    HAL_TIMEx_MasterConfigSynchronization    0x080031b5   Thumb Code   126  stm32f3xx_hal_tim_ex.o(i.HAL_TIMEx_MasterConfigSynchronization)
    HAL_TIM_Base_Init                        0x0800323d   Thumb Code   110  stm32f3xx_hal_tim.o(i.HAL_TIM_Base_Init)
    HAL_TIM_Base_MspInit                     0x080032ad   Thumb Code    76  stm32f3xx_hal_msp.o(i.HAL_TIM_Base_MspInit)
    HAL_TIM_ConfigClockSource                0x08003305   Thumb Code   264  stm32f3xx_hal_tim.o(i.HAL_TIM_ConfigClockSource)
    HAL_TIM_Encoder_Init                     0x08003411   Thumb Code   198  stm32f3xx_hal_tim.o(i.HAL_TIM_Encoder_Init)
    HAL_TIM_Encoder_MspInit                  0x080034dd   Thumb Code   162  stm32f3xx_hal_msp.o(i.HAL_TIM_Encoder_MspInit)
    HAL_TIM_IC_CaptureCallback               0x08003589   Thumb Code     2  stm32f3xx_hal_tim.o(i.HAL_TIM_IC_CaptureCallback)
    HAL_TIM_IRQHandler                       0x0800358b   Thumb Code   440  stm32f3xx_hal_tim.o(i.HAL_TIM_IRQHandler)
    HAL_TIM_MspPostInit                      0x08003745   Thumb Code    84  stm32f3xx_hal_msp.o(i.HAL_TIM_MspPostInit)
    HAL_TIM_OC_DelayElapsedCallback          0x080037a1   Thumb Code     2  stm32f3xx_hal_tim.o(i.HAL_TIM_OC_DelayElapsedCallback)
    HAL_TIM_PWM_ConfigChannel                0x080037a3   Thumb Code   360  stm32f3xx_hal_tim.o(i.HAL_TIM_PWM_ConfigChannel)
    HAL_TIM_PWM_Init                         0x0800390b   Thumb Code   110  stm32f3xx_hal_tim.o(i.HAL_TIM_PWM_Init)
    HAL_TIM_PWM_MspInit                      0x08003979   Thumb Code     2  stm32f3xx_hal_tim.o(i.HAL_TIM_PWM_MspInit)
    HAL_TIM_PWM_PulseFinishedCallback        0x0800397b   Thumb Code     2  stm32f3xx_hal_tim.o(i.HAL_TIM_PWM_PulseFinishedCallback)
    HAL_TIM_PWM_Start_IT                     0x0800397d   Thumb Code   342  stm32f3xx_hal_tim.o(i.HAL_TIM_PWM_Start_IT)
    HAL_TIM_PeriodElapsedCallback            0x08003ae9   Thumb Code     2  stm32f3xx_hal_tim.o(i.HAL_TIM_PeriodElapsedCallback)
    HAL_TIM_TriggerCallback                  0x08003aeb   Thumb Code     2  stm32f3xx_hal_tim.o(i.HAL_TIM_TriggerCallback)
    HAL_UARTEx_RxEventCallback               0x08003aed   Thumb Code     2  stm32f3xx_hal_uart.o(i.HAL_UARTEx_RxEventCallback)
    HAL_UARTEx_WakeupCallback                0x08003aef   Thumb Code     2  stm32f3xx_hal_uart_ex.o(i.HAL_UARTEx_WakeupCallback)
    HAL_UART_ErrorCallback                   0x08003af1   Thumb Code     2  stm32f3xx_hal_uart.o(i.HAL_UART_ErrorCallback)
    HAL_UART_IRQHandler                      0x08003af5   Thumb Code   692  stm32f3xx_hal_uart.o(i.HAL_UART_IRQHandler)
    HAL_UART_Init                            0x08003db1   Thumb Code   116  stm32f3xx_hal_uart.o(i.HAL_UART_Init)
    HAL_UART_MspInit                         0x08003e25   Thumb Code   424  stm32f3xx_hal_msp.o(i.HAL_UART_MspInit)
    HAL_UART_Receive_DMA                     0x08003ff1   Thumb Code    86  stm32f3xx_hal_uart.o(i.HAL_UART_Receive_DMA)
    HAL_UART_RxCpltCallback                  0x08004049   Thumb Code    94  main.o(i.HAL_UART_RxCpltCallback)
    HAL_UART_RxHalfCpltCallback              0x080040c1   Thumb Code     2  stm32f3xx_hal_uart.o(i.HAL_UART_RxHalfCpltCallback)
    HAL_UART_Transmit_DMA                    0x080040c5   Thumb Code   168  stm32f3xx_hal_uart.o(i.HAL_UART_Transmit_DMA)
    HAL_UART_TxCpltCallback                  0x08004179   Thumb Code     2  stm32f3xx_hal_uart.o(i.HAL_UART_TxCpltCallback)
    HAL_UART_TxHalfCpltCallback              0x0800417b   Thumb Code     2  stm32f3xx_hal_uart.o(i.HAL_UART_TxHalfCpltCallback)
    HardFault_Handler                        0x0800417d   Thumb Code     4  stm32f3xx_it.o(i.HardFault_Handler)
    MBD_FOC_SENSORLESS_MODEL_SpeedControl    0x08004181   Thumb Code   596  mbd_foc_sensorless_model.o(i.MBD_FOC_SENSORLESS_MODEL_SpeedControl)
    MbdFocSensorlessCurrentCtrl              0x08004bbd   Thumb Code  3022  mbd_foc_sensorless_model.o(i.MbdFocSensorlessCurrentCtrl)
    MbdFocSensorlessInit                     0x080057a5   Thumb Code    16  mbd_foc_sensorless_model.o(i.MbdFocSensorlessInit)
    MbdFocSpdCtrl                            0x080057b9   Thumb Code   136  mbd_foc_sensorless_model.o(i.MbdFocSpdCtrl)
    MemManage_Handler                        0x0800584d   Thumb Code     4  stm32f3xx_it.o(i.MemManage_Handler)
    NMI_Handler                              0x08005851   Thumb Code     4  stm32f3xx_it.o(i.NMI_Handler)
    PendSV_Handler                           0x08005855   Thumb Code     2  stm32f3xx_it.o(i.PendSV_Handler)
    SVC_Handler                              0x08005857   Thumb Code     2  stm32f3xx_it.o(i.SVC_Handler)
    SysTick_Handler                          0x08005859   Thumb Code     8  stm32f3xx_it.o(i.SysTick_Handler)
    SystemClock_Config                       0x08005861   Thumb Code   130  main.o(i.SystemClock_Config)
    SystemInit                               0x080058e5   Thumb Code    14  system_stm32f3xx.o(i.SystemInit)
    TIM1_UP_TIM16_IRQHandler                 0x080058f9   Thumb Code    10  stm32f3xx_it.o(i.TIM1_UP_TIM16_IRQHandler)
    TIM6_DAC_IRQHandler                      0x08005909   Thumb Code    10  stm32f3xx_it.o(i.TIM6_DAC_IRQHandler)
    TIM_Base_SetConfig                       0x08005919   Thumb Code   116  stm32f3xx_hal_tim.o(i.TIM_Base_SetConfig)
    TIM_CCxChannelCmd                        0x0800599d   Thumb Code    34  stm32f3xx_hal_tim.o(i.TIM_CCxChannelCmd)
    TIM_ETR_SetConfig                        0x080059bf   Thumb Code    22  stm32f3xx_hal_tim.o(i.TIM_ETR_SetConfig)
    TIM_OC2_SetConfig                        0x08005a81   Thumb Code   142  stm32f3xx_hal_tim.o(i.TIM_OC2_SetConfig)
    UART_AdvFeatureConfig                    0x08005d4b   Thumb Code   248  stm32f3xx_hal_uart.o(i.UART_AdvFeatureConfig)
    UART_CheckIdleState                      0x08005e43   Thumb Code   114  stm32f3xx_hal_uart.o(i.UART_CheckIdleState)
    UART_SetConfig                           0x08006059   Thumb Code   406  stm32f3xx_hal_uart.o(i.UART_SetConfig)
    UART_Start_Receive_DMA                   0x08006209   Thumb Code   144  stm32f3xx_hal_uart.o(i.UART_Start_Receive_DMA)
    UART_WaitOnFlagUntilTimeout              0x080062a5   Thumb Code   182  stm32f3xx_hal_uart.o(i.UART_WaitOnFlagUntilTimeout)
    USART1_IRQHandler                        0x0800635d   Thumb Code    10  stm32f3xx_it.o(i.USART1_IRQHandler)
    USART2_IRQHandler                        0x0800636d   Thumb Code    10  stm32f3xx_it.o(i.USART2_IRQHandler)
    UsageFault_Handler                       0x0800637d   Thumb Code     4  stm32f3xx_it.o(i.UsageFault_Handler)
    __hardfp_floor                           0x080063b9   Thumb Code   252  floor.o(i.__hardfp_floor)
    __hardfp_fmod                            0x080064d1   Thumb Code   254  fmod.o(i.__hardfp_fmod)
    __mathlib_dbl_invalid                    0x080065d9   Thumb Code    24  dunder.o(i.__mathlib_dbl_invalid)
    __scatterload_copy                       0x080065f9   Thumb Code    14  handlers.o(i.__scatterload_copy)
    __scatterload_null                       0x08006607   Thumb Code     2  handlers.o(i.__scatterload_null)
    __scatterload_zeroinit                   0x08006609   Thumb Code    14  handlers.o(i.__scatterload_zeroinit)
    __set_errno                              0x08006619   Thumb Code     6  errno.o(i.__set_errno)
    div_s32_floor                            0x08006625   Thumb Code    88  mbd_foc_sensorless_model.o(i.div_s32_floor)
    main                                     0x0800667d   Thumb Code   122  main.o(i.main)
    mul_s32_hiSR                             0x08006711   Thumb Code    26  mbd_foc_sensorless_model.o(i.mul_s32_hiSR)
    mul_s32_loSR                             0x0800672b   Thumb Code    40  mbd_foc_sensorless_model.o(i.mul_s32_loSR)
    mul_u32_hiSR                             0x08006753   Thumb Code    26  mbd_foc_sensorless_model.o(i.mul_u32_hiSR)
    mul_wide_s32                             0x0800676d   Thumb Code   164  mbd_foc_sensorless_model.o(i.mul_wide_s32)
    mul_wide_u32                             0x08006811   Thumb Code    78  mbd_foc_sensorless_model.o(i.mul_wide_u32)
    rtGetInf                                 0x08006861   Thumb Code    84  rtgetinf.o(i.rtGetInf)
    rtGetInfF                                0x080068c1   Thumb Code    14  rtgetinf.o(i.rtGetInfF)
    rtGetMinusInf                            0x080068d1   Thumb Code    84  rtgetinf.o(i.rtGetMinusInf)
    rtGetMinusInfF                           0x08006931   Thumb Code    12  rtgetinf.o(i.rtGetMinusInfF)
    rtGetNaN                                 0x08006941   Thumb Code    84  rtgetnan.o(i.rtGetNaN)
    rtGetNaNF                                0x080069a1   Thumb Code    16  rtgetnan.o(i.rtGetNaNF)
    rtIsInfF                                 0x080069b5   Thumb Code    40  rt_nonfinite.o(i.rtIsInfF)
    rtIsNaNF                                 0x080069e5   Thumb Code    34  rt_nonfinite.o(i.rtIsNaNF)
    rt_InitInfAndNaN                         0x08006a09   Thumb Code    66  rt_nonfinite.o(i.rt_InitInfAndNaN)
    rt_OneStep                               0x08006a65   Thumb Code   130  main.o(i.rt_OneStep)
    MBD_FOC_SENSORLESS_MODEL_M               0x08006b00   Data           4  mbd_foc_sensorless_model.o(.constdata)
    MBD_FOC_SENSORLESS_MODEL_ConstB          0x08006b1c   Data           8  mbd_foc_sensorless_model_data.o(.constdata)
    MBD_FOC_SENSORLESS_MODEL_ConstP          0x08006b24   Data        2004  mbd_foc_sensorless_model_data.o(.constdata)
    aPLLMULFactorTable                       0x080072f8   Data          16  stm32f3xx_hal_rcc.o(.constdata)
    aPredivFactorTable                       0x08007308   Data          16  stm32f3xx_hal_rcc.o(.constdata)
    AHBPrescTable                            0x08007318   Data          16  system_stm32f3xx.o(.constdata)
    APBPrescTable                            0x08007328   Data           8  system_stm32f3xx.o(.constdata)
    Region$$Table$$Base                      0x08007330   Number         0  anon$$obj.o(Region$$Table)
    Region$$Table$$Limit                     0x08007350   Number         0  anon$$obj.o(Region$$Table)
    rx_buffer                                0x20000000   Data           8  main.o(.data)
    rx_buffer2                               0x20000008   Data           8  main.o(.data)
    tx_buffer                                0x20000010   Data           6  main.o(.data)
    ENABLE_INV                               0x20000016   Data           1  main.o(.data)
    SPEED_REF                                0x20000018   Data           4  main.o(.data)
    count                                    0x2000001c   Data           1  main.o(.data)
    rtInf                                    0x20000030   Data           8  rt_nonfinite.o(.data)
    rtMinusInf                               0x20000038   Data           8  rt_nonfinite.o(.data)
    rtNaN                                    0x20000040   Data           8  rt_nonfinite.o(.data)
    rtInfF                                   0x20000048   Data           4  rt_nonfinite.o(.data)
    rtMinusInfF                              0x2000004c   Data           4  rt_nonfinite.o(.data)
    rtNaNF                                   0x20000050   Data           4  rt_nonfinite.o(.data)
    Pwm1Duty                                 0x20000054   Data           2  mbd_foc_sensorless_model.o(.data)
    Pwm2Duty                                 0x20000056   Data           2  mbd_foc_sensorless_model.o(.data)
    Pwm3Duty                                 0x20000058   Data           2  mbd_foc_sensorless_model.o(.data)
    smoAnglePU                               0x2000005a   Data           2  mbd_foc_sensorless_model.o(.data)
    MBD_FOC_SENSORLESS_MODEL_PrevZCX         0x2000005c   Data           2  mbd_foc_sensorless_model.o(.data)
    uwTick                                   0x20000064   Data           4  stm32f3xx_hal.o(.data)
    uwTickPrio                               0x20000068   Data           4  stm32f3xx_hal.o(.data)
    uwTickFreq                               0x2000006c   Data           1  stm32f3xx_hal.o(.data)
    SystemCoreClock                          0x20000070   Data           4  system_stm32f3xx.o(.data)
    hadc1                                    0x20000078   Data          80  main.o(.bss)
    htim1                                    0x200000c8   Data          76  main.o(.bss)
    htim2                                    0x20000114   Data          76  main.o(.bss)
    htim6                                    0x20000160   Data          76  main.o(.bss)
    huart1                                   0x200001ac   Data         132  main.o(.bss)
    huart2                                   0x20000230   Data         132  main.o(.bss)
    hdma_usart1_rx                           0x200002b4   Data          68  main.o(.bss)
    hdma_usart1_tx                           0x200002f8   Data          68  main.o(.bss)
    hdma_usart2_rx                           0x2000033c   Data          68  main.o(.bss)
    hdma_usart2_tx                           0x20000380   Data          68  main.o(.bss)
    MBD_FOC_SENSORLESS_MODEL_B               0x200003c4   Data          88  mbd_foc_sensorless_model.o(.bss)
    MBD_FOC_SENSORLESS_MODEL_DW              0x2000041c   Data         104  mbd_foc_sensorless_model.o(.bss)
    __initial_sp                             0x20000888   Data           0  startup_stm32f302x8.o(STACK)



==============================================================================

Memory Map of the image

  Image Entry point : 0x08000189

  Load Region LR_IROM1 (Base: 0x08000000, Size: 0x000073c8, Max: 0x00010000, ABSOLUTE)

    Execution Region ER_IROM1 (Base: 0x08000000, Size: 0x00007350, Max: 0x00010000, ABSOLUTE)

    Base Addr    Size         Type   Attr      Idx    E Section Name        Object

    0x08000000   0x00000188   Data   RO            3    RESET               startup_stm32f302x8.o
    0x08000188   0x00000000   Code   RO         4135  * .ARM.Collect$$$$00000000  mc_w.l(entry.o)
    0x08000188   0x00000004   Code   RO         4168    .ARM.Collect$$$$00000001  mc_w.l(entry2.o)
    0x0800018c   0x00000004   Code   RO         4171    .ARM.Collect$$$$00000004  mc_w.l(entry5.o)
    0x08000190   0x00000000   Code   RO         4173    .ARM.Collect$$$$00000008  mc_w.l(entry7b.o)
    0x08000190   0x00000000   Code   RO         4175    .ARM.Collect$$$$0000000A  mc_w.l(entry8b.o)
    0x08000190   0x00000008   Code   RO         4176    .ARM.Collect$$$$0000000B  mc_w.l(entry9a.o)
    0x08000198   0x00000000   Code   RO         4178    .ARM.Collect$$$$0000000D  mc_w.l(entry10a.o)
    0x08000198   0x00000000   Code   RO         4180    .ARM.Collect$$$$0000000F  mc_w.l(entry11a.o)
    0x08000198   0x00000004   Code   RO         4169    .ARM.Collect$$$$00002712  mc_w.l(entry2.o)
    0x0800019c   0x00000024   Code   RO            4    .text               startup_stm32f302x8.o
    0x080001c0   0x00000062   Code   RO         4138    .text               mc_w.l(uldiv.o)
    0x08000222   0x00000020   Code   RO         4140    .text               mc_w.l(llushr.o)
    0x08000242   0x00000024   Code   RO         4144    .text               mc_w.l(memseta.o)
    0x08000266   0x00000026   Code   RO         4148    .text               mf_w.l(f2d.o)
    0x0800028c   0x00000038   Code   RO         4152    .text               mf_w.l(d2f.o)
    0x080002c4   0x0000001e   Code   RO         4182    .text               mc_w.l(llshl.o)
    0x080002e2   0x00000000   Code   RO         4191    .text               mc_w.l(iusefp.o)
    0x080002e2   0x0000006e   Code   RO         4192    .text               mf_w.l(fepilogue.o)
    0x08000350   0x0000014e   Code   RO         4194    .text               mf_w.l(dadd.o)
    0x0800049e   0x00000086   Code   RO         4196    .text               mf_w.l(drem.o)
    0x08000524   0x00000030   Code   RO         4198    .text               mf_w.l(cdrcmple.o)
    0x08000554   0x00000024   Code   RO         4200    .text               mc_w.l(init.o)
    0x08000578   0x00000024   Code   RO         4202    .text               mc_w.l(llsshr.o)
    0x0800059c   0x000000ba   Code   RO         4204    .text               mf_w.l(depilogue.o)
    0x08000656   0x000000de   Code   RO         4208    .text               mf_w.l(ddiv.o)
    0x08000734   0x00000010   Code   RO          247    i.ADC1_IRQHandler   stm32f3xx_it.o
    0x08000744   0x00000098   Code   RO          829    i.ADC_Disable       stm32f3xx_hal_adc_ex.o
    0x080007dc   0x00000090   Code   RO          830    i.ADC_Enable        stm32f3xx_hal_adc_ex.o
    0x0800086c   0x00000004   Code   RO          248    i.BusFault_Handler  stm32f3xx_it.o
    0x08000870   0x00000010   Code   RO          249    i.DMA1_Channel4_IRQHandler  stm32f3xx_it.o
    0x08000880   0x00000010   Code   RO          250    i.DMA1_Channel5_IRQHandler  stm32f3xx_it.o
    0x08000890   0x00000010   Code   RO          251    i.DMA1_Channel6_IRQHandler  stm32f3xx_it.o
    0x080008a0   0x00000010   Code   RO          252    i.DMA1_Channel7_IRQHandler  stm32f3xx_it.o
    0x080008b0   0x0000001c   Code   RO         1446    i.DMA_CalcBaseAndBitshift  stm32f3xx_hal_dma.o
    0x080008cc   0x0000002c   Code   RO         1447    i.DMA_SetConfig     stm32f3xx_hal_dma.o
    0x080008f8   0x00000002   Code   RO          253    i.DebugMon_Handler  stm32f3xx_it.o
    0x080008fa   0x00000014   Code   RO          254    i.EXTI15_10_IRQHandler  stm32f3xx_it.o
    0x0800090e   0x00000006   Code   RO           13    i.Error_Handler     main.o
    0x08000914   0x000004ae   Code   RO          834    i.HAL_ADCEx_InjectedConfigChannel  stm32f3xx_hal_adc_ex.o
    0x08000dc2   0x00000002   PAD
    0x08000dc4   0x000001c8   Code   RO           14    i.HAL_ADCEx_InjectedConvCpltCallback  main.o
    0x08000f8c   0x0000003a   Code   RO          836    i.HAL_ADCEx_InjectedGetValue  stm32f3xx_hal_adc_ex.o
    0x08000fc6   0x00000002   Code   RO          838    i.HAL_ADCEx_InjectedQueueOverflowCallback  stm32f3xx_hal_adc_ex.o
    0x08000fc8   0x000000d6   Code   RO          840    i.HAL_ADCEx_InjectedStart_IT  stm32f3xx_hal_adc_ex.o
    0x0800109e   0x00000002   Code   RO          843    i.HAL_ADCEx_LevelOutOfWindow2Callback  stm32f3xx_hal_adc_ex.o
    0x080010a0   0x00000002   Code   RO          844    i.HAL_ADCEx_LevelOutOfWindow3Callback  stm32f3xx_hal_adc_ex.o
    0x080010a2   0x00000002   PAD
    0x080010a4   0x00000404   Code   RO          849    i.HAL_ADC_ConfigChannel  stm32f3xx_hal_adc_ex.o
    0x080014a8   0x00000002   Code   RO          677    i.HAL_ADC_ConvCpltCallback  stm32f3xx_hal_adc.o
    0x080014aa   0x00000002   Code   RO          680    i.HAL_ADC_ErrorCallback  stm32f3xx_hal_adc.o
    0x080014ac   0x000002b0   Code   RO          852    i.HAL_ADC_IRQHandler  stm32f3xx_hal_adc_ex.o
    0x0800175c   0x00000244   Code   RO          853    i.HAL_ADC_Init      stm32f3xx_hal_adc_ex.o
    0x080019a0   0x00000002   Code   RO          686    i.HAL_ADC_LevelOutOfWindowCallback  stm32f3xx_hal_adc.o
    0x080019a2   0x00000002   PAD
    0x080019a4   0x0000009c   Code   RO          384    i.HAL_ADC_MspInit   stm32f3xx_hal_msp.o
    0x08001a40   0x00000054   Code   RO         1448    i.HAL_DMA_Abort     stm32f3xx_hal_dma.o
    0x08001a94   0x00000058   Code   RO         1449    i.HAL_DMA_Abort_IT  stm32f3xx_hal_dma.o
    0x08001aec   0x000000e6   Code   RO         1453    i.HAL_DMA_IRQHandler  stm32f3xx_hal_dma.o
    0x08001bd2   0x00000056   Code   RO         1454    i.HAL_DMA_Init      stm32f3xx_hal_dma.o
    0x08001c28   0x0000009c   Code   RO         1458    i.HAL_DMA_Start_IT  stm32f3xx_hal_dma.o
    0x08001cc4   0x00000002   Code   RO         1381    i.HAL_GPIO_EXTI_Callback  stm32f3xx_hal_gpio.o
    0x08001cc6   0x00000002   PAD
    0x08001cc8   0x0000001c   Code   RO         1382    i.HAL_GPIO_EXTI_IRQHandler  stm32f3xx_hal_gpio.o
    0x08001ce4   0x000001bc   Code   RO         1383    i.HAL_GPIO_Init     stm32f3xx_hal_gpio.o
    0x08001ea0   0x0000000a   Code   RO         1387    i.HAL_GPIO_WritePin  stm32f3xx_hal_gpio.o
    0x08001eaa   0x00000002   PAD
    0x08001eac   0x0000000c   Code   RO         1070    i.HAL_GetTick       stm32f3xx_hal.o
    0x08001eb8   0x00000018   Code   RO         1076    i.HAL_IncTick       stm32f3xx_hal.o
    0x08001ed0   0x00000028   Code   RO         1077    i.HAL_Init          stm32f3xx_hal.o
    0x08001ef8   0x0000004c   Code   RO         1078    i.HAL_InitTick      stm32f3xx_hal.o
    0x08001f44   0x00000040   Code   RO          385    i.HAL_MspInit       stm32f3xx_hal_msp.o
    0x08001f84   0x00000020   Code   RO         1548    i.HAL_NVIC_EnableIRQ  stm32f3xx_hal_cortex.o
    0x08001fa4   0x0000007c   Code   RO         1554    i.HAL_NVIC_SetPriority  stm32f3xx_hal_cortex.o
    0x08002020   0x00000028   Code   RO         1555    i.HAL_NVIC_SetPriorityGrouping  stm32f3xx_hal_cortex.o
    0x08002048   0x000002b4   Code   RO         1340    i.HAL_RCCEx_PeriphCLKConfig  stm32f3xx_hal_rcc_ex.o
    0x080022fc   0x000002ac   Code   RO         1234    i.HAL_RCC_ClockConfig  stm32f3xx_hal_rcc.o
    0x080025a8   0x0000000c   Code   RO         1239    i.HAL_RCC_GetHCLKFreq  stm32f3xx_hal_rcc.o
    0x080025b4   0x0000002c   Code   RO         1241    i.HAL_RCC_GetPCLK1Freq  stm32f3xx_hal_rcc.o
    0x080025e0   0x0000002c   Code   RO         1242    i.HAL_RCC_GetPCLK2Freq  stm32f3xx_hal_rcc.o
    0x0800260c   0x000000a0   Code   RO         1243    i.HAL_RCC_GetSysClockFreq  stm32f3xx_hal_rcc.o
    0x080026ac   0x00000a24   Code   RO         1246    i.HAL_RCC_OscConfig  stm32f3xx_hal_rcc.o
    0x080030d0   0x00000034   Code   RO         1559    i.HAL_SYSTICK_Config  stm32f3xx_hal_cortex.o
    0x08003104   0x00000002   Code   RO         3330    i.HAL_TIMEx_Break2Callback  stm32f3xx_hal_tim_ex.o
    0x08003106   0x00000002   Code   RO         3331    i.HAL_TIMEx_BreakCallback  stm32f3xx_hal_tim_ex.o
    0x08003108   0x00000002   Code   RO         3332    i.HAL_TIMEx_CommutCallback  stm32f3xx_hal_tim_ex.o
    0x0800310a   0x00000002   PAD
    0x0800310c   0x000000a8   Code   RO         3334    i.HAL_TIMEx_ConfigBreakDeadTime  stm32f3xx_hal_tim_ex.o
    0x080031b4   0x00000088   Code   RO         3351    i.HAL_TIMEx_MasterConfigSynchronization  stm32f3xx_hal_tim_ex.o
    0x0800323c   0x0000006e   Code   RO         2605    i.HAL_TIM_Base_Init  stm32f3xx_hal_tim.o
    0x080032aa   0x00000002   PAD
    0x080032ac   0x00000058   Code   RO          387    i.HAL_TIM_Base_MspInit  stm32f3xx_hal_msp.o
    0x08003304   0x0000010c   Code   RO         2614    i.HAL_TIM_ConfigClockSource  stm32f3xx_hal_tim.o
    0x08003410   0x000000cc   Code   RO         2626    i.HAL_TIM_Encoder_Init  stm32f3xx_hal_tim.o
    0x080034dc   0x000000ac   Code   RO          389    i.HAL_TIM_Encoder_MspInit  stm32f3xx_hal_msp.o
    0x08003588   0x00000002   Code   RO         2639    i.HAL_TIM_IC_CaptureCallback  stm32f3xx_hal_tim.o
    0x0800358a   0x000001b8   Code   RO         2653    i.HAL_TIM_IRQHandler  stm32f3xx_hal_tim.o
    0x08003742   0x00000002   PAD
    0x08003744   0x0000005c   Code   RO          390    i.HAL_TIM_MspPostInit  stm32f3xx_hal_msp.o
    0x080037a0   0x00000002   Code   RO         2656    i.HAL_TIM_OC_DelayElapsedCallback  stm32f3xx_hal_tim.o
    0x080037a2   0x00000168   Code   RO         2677    i.HAL_TIM_PWM_ConfigChannel  stm32f3xx_hal_tim.o
    0x0800390a   0x0000006e   Code   RO         2680    i.HAL_TIM_PWM_Init  stm32f3xx_hal_tim.o
    0x08003978   0x00000002   Code   RO         2682    i.HAL_TIM_PWM_MspInit  stm32f3xx_hal_tim.o
    0x0800397a   0x00000002   Code   RO         2683    i.HAL_TIM_PWM_PulseFinishedCallback  stm32f3xx_hal_tim.o
    0x0800397c   0x0000016c   Code   RO         2687    i.HAL_TIM_PWM_Start_IT  stm32f3xx_hal_tim.o
    0x08003ae8   0x00000002   Code   RO         2691    i.HAL_TIM_PeriodElapsedCallback  stm32f3xx_hal_tim.o
    0x08003aea   0x00000002   Code   RO         2696    i.HAL_TIM_TriggerCallback  stm32f3xx_hal_tim.o
    0x08003aec   0x00000002   Code   RO         3618    i.HAL_UARTEx_RxEventCallback  stm32f3xx_hal_uart.o
    0x08003aee   0x00000002   Code   RO         4014    i.HAL_UARTEx_WakeupCallback  stm32f3xx_hal_uart_ex.o
    0x08003af0   0x00000002   Code   RO         3634    i.HAL_UART_ErrorCallback  stm32f3xx_hal_uart.o
    0x08003af2   0x00000002   PAD
    0x08003af4   0x000002bc   Code   RO         3637    i.HAL_UART_IRQHandler  stm32f3xx_hal_uart.o
    0x08003db0   0x00000074   Code   RO         3638    i.HAL_UART_Init     stm32f3xx_hal_uart.o
    0x08003e24   0x000001cc   Code   RO          392    i.HAL_UART_MspInit  stm32f3xx_hal_msp.o
    0x08003ff0   0x00000056   Code   RO         3642    i.HAL_UART_Receive_DMA  stm32f3xx_hal_uart.o
    0x08004046   0x00000002   PAD
    0x08004048   0x00000078   Code   RO           15    i.HAL_UART_RxCpltCallback  main.o
    0x080040c0   0x00000002   Code   RO         3646    i.HAL_UART_RxHalfCpltCallback  stm32f3xx_hal_uart.o
    0x080040c2   0x00000002   PAD
    0x080040c4   0x000000b4   Code   RO         3648    i.HAL_UART_Transmit_DMA  stm32f3xx_hal_uart.o
    0x08004178   0x00000002   Code   RO         3650    i.HAL_UART_TxCpltCallback  stm32f3xx_hal_uart.o
    0x0800417a   0x00000002   Code   RO         3651    i.HAL_UART_TxHalfCpltCallback  stm32f3xx_hal_uart.o
    0x0800417c   0x00000004   Code   RO          255    i.HardFault_Handler  stm32f3xx_it.o
    0x08004180   0x00000270   Code   RO          552    i.MBD_FOC_SENSORLESS_MODEL_SpeedControl  mbd_foc_sensorless_model.o
    0x080043f0   0x00000278   Code   RO          553    i.MBD_FOC_SENSORLESS_MODEL_rt_atan2_Us16En11_Ys16En13_f_pw_cordic11  mbd_foc_sensorless_model.o
    0x08004668   0x00000040   Code   RO          554    i.MBD_FOC_SENSORLESS_MODEL_rt_sqrt_Us16En14_Ys16En14_Is32En28_s_s  mbd_foc_sensorless_model.o
    0x080046a8   0x000000d0   Code   RO           16    i.MX_ADC1_Init      main.o
    0x08004778   0x00000064   Code   RO           17    i.MX_DMA_Init       main.o
    0x080047dc   0x00000124   Code   RO           18    i.MX_GPIO_Init      main.o
    0x08004900   0x00000054   Code   RO           19    i.MX_NVIC_Init      main.o
    0x08004954   0x00000110   Code   RO           20    i.MX_TIM1_Init      main.o
    0x08004a64   0x0000007c   Code   RO           21    i.MX_TIM2_Init      main.o
    0x08004ae0   0x00000050   Code   RO           22    i.MX_TIM6_Init      main.o
    0x08004b30   0x00000048   Code   RO           23    i.MX_USART1_UART_Init  main.o
    0x08004b78   0x00000044   Code   RO           24    i.MX_USART2_UART_Init  main.o
    0x08004bbc   0x00000be8   Code   RO          556    i.MbdFocSensorlessCurrentCtrl  mbd_foc_sensorless_model.o
    0x080057a4   0x00000014   Code   RO          557    i.MbdFocSensorlessInit  mbd_foc_sensorless_model.o
    0x080057b8   0x00000094   Code   RO          558    i.MbdFocSpdCtrl     mbd_foc_sensorless_model.o
    0x0800584c   0x00000004   Code   RO          256    i.MemManage_Handler  stm32f3xx_it.o
    0x08005850   0x00000004   Code   RO          257    i.NMI_Handler       stm32f3xx_it.o
    0x08005854   0x00000002   Code   RO          258    i.PendSV_Handler    stm32f3xx_it.o
    0x08005856   0x00000002   Code   RO          259    i.SVC_Handler       stm32f3xx_it.o
    0x08005858   0x00000008   Code   RO          260    i.SysTick_Handler   stm32f3xx_it.o
    0x08005860   0x00000082   Code   RO           25    i.SystemClock_Config  main.o
    0x080058e2   0x00000002   PAD
    0x080058e4   0x00000014   Code   RO         4084    i.SystemInit        system_stm32f3xx.o
    0x080058f8   0x00000010   Code   RO          261    i.TIM1_UP_TIM16_IRQHandler  stm32f3xx_it.o
    0x08005908   0x00000010   Code   RO          262    i.TIM6_DAC_IRQHandler  stm32f3xx_it.o
    0x08005918   0x00000084   Code   RO         2698    i.TIM_Base_SetConfig  stm32f3xx_hal_tim.o
    0x0800599c   0x00000022   Code   RO         2699    i.TIM_CCxChannelCmd  stm32f3xx_hal_tim.o
    0x080059be   0x00000016   Code   RO         2709    i.TIM_ETR_SetConfig  stm32f3xx_hal_tim.o
    0x080059d4   0x00000012   Code   RO         2710    i.TIM_ITRx_SetConfig  stm32f3xx_hal_tim.o
    0x080059e6   0x00000002   PAD
    0x080059e8   0x00000098   Code   RO         2711    i.TIM_OC1_SetConfig  stm32f3xx_hal_tim.o
    0x08005a80   0x000000a4   Code   RO         2712    i.TIM_OC2_SetConfig  stm32f3xx_hal_tim.o
    0x08005b24   0x000000a0   Code   RO         2713    i.TIM_OC3_SetConfig  stm32f3xx_hal_tim.o
    0x08005bc4   0x0000006c   Code   RO         2714    i.TIM_OC4_SetConfig  stm32f3xx_hal_tim.o
    0x08005c30   0x00000064   Code   RO         2715    i.TIM_OC5_SetConfig  stm32f3xx_hal_tim.o
    0x08005c94   0x00000068   Code   RO         2716    i.TIM_OC6_SetConfig  stm32f3xx_hal_tim.o
    0x08005cfc   0x00000026   Code   RO         2718    i.TIM_TI1_ConfigInputStage  stm32f3xx_hal_tim.o
    0x08005d22   0x00000028   Code   RO         2720    i.TIM_TI2_ConfigInputStage  stm32f3xx_hal_tim.o
    0x08005d4a   0x000000f8   Code   RO         3652    i.UART_AdvFeatureConfig  stm32f3xx_hal_uart.o
    0x08005e42   0x00000072   Code   RO         3653    i.UART_CheckIdleState  stm32f3xx_hal_uart.o
    0x08005eb4   0x00000018   Code   RO         3654    i.UART_DMAAbortOnError  stm32f3xx_hal_uart.o
    0x08005ecc   0x0000005a   Code   RO         3655    i.UART_DMAError     stm32f3xx_hal_uart.o
    0x08005f26   0x00000066   Code   RO         3656    i.UART_DMAReceiveCplt  stm32f3xx_hal_uart.o
    0x08005f8c   0x00000022   Code   RO         3658    i.UART_DMARxHalfCplt  stm32f3xx_hal_uart.o
    0x08005fae   0x00000034   Code   RO         3660    i.UART_DMATransmitCplt  stm32f3xx_hal_uart.o
    0x08005fe2   0x0000000e   Code   RO         3662    i.UART_DMATxHalfCplt  stm32f3xx_hal_uart.o
    0x08005ff0   0x00000036   Code   RO         3664    i.UART_EndRxTransfer  stm32f3xx_hal_uart.o
    0x08006026   0x00000020   Code   RO         3665    i.UART_EndTransmit_IT  stm32f3xx_hal_uart.o
    0x08006046   0x00000012   Code   RO         3666    i.UART_EndTxTransfer  stm32f3xx_hal_uart.o
    0x08006058   0x000001b0   Code   RO         3669    i.UART_SetConfig    stm32f3xx_hal_uart.o
    0x08006208   0x0000009c   Code   RO         3670    i.UART_Start_Receive_DMA  stm32f3xx_hal_uart.o
    0x080062a4   0x000000b6   Code   RO         3674    i.UART_WaitOnFlagUntilTimeout  stm32f3xx_hal_uart.o
    0x0800635a   0x00000002   PAD
    0x0800635c   0x00000010   Code   RO          263    i.USART1_IRQHandler  stm32f3xx_it.o
    0x0800636c   0x00000010   Code   RO          264    i.USART2_IRQHandler  stm32f3xx_it.o
    0x0800637c   0x00000004   Code   RO          265    i.UsageFault_Handler  stm32f3xx_it.o
    0x08006380   0x00000010   Code   RO         1561    i.__NVIC_GetPriorityGrouping  stm32f3xx_hal_cortex.o
    0x08006390   0x00000028   Code   RO         1562    i.__NVIC_SetPriority  stm32f3xx_hal_cortex.o
    0x080063b8   0x00000118   Code   RO         4117    i.__hardfp_floor    m_wm.l(floor.o)
    0x080064d0   0x00000104   Code   RO         4123    i.__hardfp_fmod     m_wm.l(fmod.o)
    0x080065d4   0x00000004   PAD
    0x080065d8   0x00000020   Code   RO         4157    i.__mathlib_dbl_invalid  m_wm.l(dunder.o)
    0x080065f8   0x0000000e   Code   RO         4212    i.__scatterload_copy  mc_w.l(handlers.o)
    0x08006606   0x00000002   Code   RO         4213    i.__scatterload_null  mc_w.l(handlers.o)
    0x08006608   0x0000000e   Code   RO         4214    i.__scatterload_zeroinit  mc_w.l(handlers.o)
    0x08006616   0x00000002   PAD
    0x08006618   0x0000000c   Code   RO         4186    i.__set_errno       mc_w.l(errno.o)
    0x08006624   0x00000058   Code   RO          559    i.div_s32_floor     mbd_foc_sensorless_model.o
    0x0800667c   0x00000094   Code   RO           26    i.main              main.o
    0x08006710   0x0000001a   Code   RO          560    i.mul_s32_hiSR      mbd_foc_sensorless_model.o
    0x0800672a   0x00000028   Code   RO          561    i.mul_s32_loSR      mbd_foc_sensorless_model.o
    0x08006752   0x0000001a   Code   RO          562    i.mul_u32_hiSR      mbd_foc_sensorless_model.o
    0x0800676c   0x000000a4   Code   RO          563    i.mul_wide_s32      mbd_foc_sensorless_model.o
    0x08006810   0x0000004e   Code   RO          564    i.mul_wide_u32      mbd_foc_sensorless_model.o
    0x0800685e   0x00000002   PAD
    0x08006860   0x00000060   Code   RO          504    i.rtGetInf          rtgetinf.o
    0x080068c0   0x0000000e   Code   RO          505    i.rtGetInfF         rtgetinf.o
    0x080068ce   0x00000002   PAD
    0x080068d0   0x00000060   Code   RO          506    i.rtGetMinusInf     rtgetinf.o
    0x08006930   0x00000010   Code   RO          507    i.rtGetMinusInfF    rtgetinf.o
    0x08006940   0x00000060   Code   RO          534    i.rtGetNaN          rtgetnan.o
    0x080069a0   0x00000014   Code   RO          535    i.rtGetNaNF         rtgetnan.o
    0x080069b4   0x00000030   Code   RO          460    i.rtIsInfF          rt_nonfinite.o
    0x080069e4   0x00000022   Code   RO          462    i.rtIsNaNF          rt_nonfinite.o
    0x08006a06   0x00000002   PAD
    0x08006a08   0x0000005c   Code   RO          463    i.rt_InitInfAndNaN  rt_nonfinite.o
    0x08006a64   0x0000009c   Code   RO           27    i.rt_OneStep        main.o
    0x08006b00   0x0000001a   Data   RO          566    .constdata          mbd_foc_sensorless_model.o
    0x08006b1a   0x00000002   PAD
    0x08006b1c   0x000007dc   Data   RO          656    .constdata          mbd_foc_sensorless_model_data.o
    0x080072f8   0x00000020   Data   RO         1247    .constdata          stm32f3xx_hal_rcc.o
    0x08007318   0x00000018   Data   RO         4085    .constdata          system_stm32f3xx.o
    0x08007330   0x00000020   Data   RO         4210    Region$$Table       anon$$obj.o


    Execution Region RW_IRAM1 (Base: 0x20000000, Size: 0x00000888, Max: 0x00004000, ABSOLUTE)

    Base Addr    Size         Type   Attr      Idx    E Section Name        Object

    0x20000000   0x0000002e   Data   RW           30    .data               main.o
    0x2000002e   0x00000002   PAD
    0x20000030   0x00000024   Data   RW          464    .data               rt_nonfinite.o
    0x20000054   0x00000010   Data   RW          567    .data               mbd_foc_sensorless_model.o
    0x20000064   0x00000009   Data   RW         1084    .data               stm32f3xx_hal.o
    0x2000006d   0x00000003   PAD
    0x20000070   0x00000004   Data   RW         4086    .data               system_stm32f3xx.o
    0x20000074   0x00000004   Data   RW         4187    .data               mc_w.l(errno.o)
    0x20000078   0x0000034c   Zero   RW           28    .bss                main.o
    0x200003c4   0x000000c0   Zero   RW          565    .bss                mbd_foc_sensorless_model.o
    0x20000484   0x00000004   PAD
    0x20000488   0x00000400   Zero   RW            1    STACK               startup_stm32f302x8.o


==============================================================================

Image component sizes


      Code (inc. data)   RO Data    RW Data    ZI Data      Debug   Object Name

      2316        226          0         46        844     566595   main.o
      4958        162         26         16        192      18369   mbd_foc_sensorless_model.o
         0          0       2012          0          0       4465   mbd_foc_sensorless_model_data.o
       174         34          0         36          0       2856   rt_nonfinite.o
       222         28          0          0          0       2572   rtgetinf.o
       116         16          0          0          0       1283   rtgetnan.o
        36          8        392          0       1024        868   startup_stm32f302x8.o
       152         32          0          9          0      11713   stm32f3xx_hal.o
         6          0          0          0          0       2234   stm32f3xx_hal_adc.o
      4068         64          0          0          0      11522   stm32f3xx_hal_adc_ex.o
       304         22          0          0          0      32971   stm32f3xx_hal_cortex.o
       716          4          0          0          0       5678   stm32f3xx_hal_dma.o
       484         30          0          0          0       3612   stm32f3xx_hal_gpio.o
      1032         80          0          0          0       5160   stm32f3xx_hal_msp.o
      3540         96         32          0          0       6660   stm32f3xx_hal_rcc.o
       692         12          0          0          0       1624   stm32f3xx_hal_rcc_ex.o
      2940        174          0          0          0      19482   stm32f3xx_hal_tim.o
       310         14          0          0          0       4100   stm32f3xx_hal_tim_ex.o
      2644         78          0          0          0      17923   stm32f3xx_hal_uart.o
         2          0          0          0          0       1032   stm32f3xx_hal_uart_ex.o
       198         54          0          0          0       9828   stm32f3xx_it.o
        20          6         24          4          0       1223   system_stm32f3xx.o

    ----------------------------------------------------------------------
     24964       1140       2520        116       2064     731770   Object Totals
         0          0         32          0          0          0   (incl. Generated)
        34          0          2          5          4          0   (incl. Padding)

    ----------------------------------------------------------------------

      Code (inc. data)   RO Data    RW Data    ZI Data      Debug   Library Member Name

        32          8          0          0          0        124   dunder.o
       280         28          0          0          0        156   floor.o
       260          6          0          0          0        144   fmod.o
         0          0          0          0          0          0   entry.o
         0          0          0          0          0          0   entry10a.o
         0          0          0          0          0          0   entry11a.o
         8          4          0          0          0          0   entry2.o
         4          0          0          0          0          0   entry5.o
         0          0          0          0          0          0   entry7b.o
         0          0          0          0          0          0   entry8b.o
         8          4          0          0          0          0   entry9a.o
        12          6          0          4          0         68   errno.o
        30          0          0          0          0          0   handlers.o
        36          8          0          0          0         68   init.o
         0          0          0          0          0          0   iusefp.o
        30          0          0          0          0         68   llshl.o
        36          0          0          0          0         68   llsshr.o
        32          0          0          0          0         68   llushr.o
        36          0          0          0          0        108   memseta.o
        98          0          0          0          0         92   uldiv.o
        48          0          0          0          0         68   cdrcmple.o
        56          0          0          0          0         88   d2f.o
       334          0          0          0          0        148   dadd.o
       222          0          0          0          0        100   ddiv.o
       186          0          0          0          0        176   depilogue.o
       134          0          0          0          0         96   drem.o
        38          0          0          0          0         68   f2d.o
       110          0          0          0          0        168   fepilogue.o

    ----------------------------------------------------------------------
      2036         68          0          4          0       1876   Library Totals
         6          4          0          0          0          0   (incl. Padding)

    ----------------------------------------------------------------------

      Code (inc. data)   RO Data    RW Data    ZI Data      Debug   Library Name

       572         42          0          0          0        424   m_wm.l
       330         22          0          4          0        540   mc_w.l
      1128          0          0          0          0        912   mf_w.l

    ----------------------------------------------------------------------
      2036         68          0          4          0       1876   Library Totals

    ----------------------------------------------------------------------

==============================================================================


      Code (inc. data)   RO Data    RW Data    ZI Data      Debug   

     27000       1208       2520        120       2064     718026   Grand Totals
     27000       1208       2520        120       2064     718026   ELF Image Totals
     27000       1208       2520        120          0          0   ROM Totals

==============================================================================

    Total RO  Size (Code + RO Data)                29520 (  28.83kB)
    Total RW  Size (RW Data + ZI Data)              2184 (   2.13kB)
    Total ROM Size (Code + RO Data + RW Data)      29640 (  28.95kB)

==============================================================================

