<html>
<body>
<pre>
<h1>µVision Build Log</h1>
<h2>Tool Versions:</h2>
IDE-Version: ¦ÌVision V5.18.0.0
Copyright (C) 2016 ARM Ltd and ARM Germany GmbH. All rights reserved.
License Information: z Microsoft, Microsoft, LIC=SDA0P-M92IG-VE6HA-1Y0W6-3MT34-IA9SC
 
Tool Versions:
Toolchain:       MDK-ARM Standard  Version: 5.18
Toolchain Path:  C:\Keil_v5\ARM\ARMCC\Bin
C Compiler:      Armcc.exe V5.06 update 1 (build 61)
Assembler:       Armasm.exe V5.06 update 1 (build 61)
Linker/Locator:  ArmLink.exe V5.06 update 1 (build 61)
Library Manager: ArmAr.exe V5.06 update 1 (build 61)
Hex Converter:   FromElf.exe V5.06 update 1 (build 61)
CPU DLL:         SARMCM3.DLL V5.18
Dialog DLL:      DCM.DLL V1.13.6.0
Target DLL:      STLink\ST-LINKIII-KEIL_SWO.dll V2.0.18.0
Dialog DLL:      TCM.DLL V1.14.8.0
 
<h2>Project:</h2>
D:\WorkSpace\mat_work\MBD\MBD_FOC_SENSORLESS\MBD_FOC_SENSORLESS_KEIL\MDK-ARM\FOC_QEP.uvprojx
Project File Date:  03/04/2023

<h2>Output:</h2>
*** Using Compiler 'V5.06 update 1 (build 61)', folder: 'C:\Keil_v5\ARM\ARMCC\Bin'
Build target 'FOC_QEP'
assembling startup_stm32f302x8.s...
compiling stm32f3xx_it.c...
compiling main.c...
../Core/Src/main.c(739): warning:  #188-D: enumerated type mixed with another type
  	HAL_GPIO_WritePin(
PIOC, 
H1_EN_Pin|
H2_EN_Pin|
H3_EN_Pin, (uint8_t)ENABLE_INV);
../Core/Src/main.c(777): warning:  #223-D: function "memcpy" declared implicitly
  		memcpy((uint8_t *)(tx_buffer + 2), &Ia, 2);
../Core/Src/main.c(786): warning:  #223-D: function "memcpy" declared implicitly
  		memcpy((uint8_t *)(tx_buffer), &Ia, 2);
../Core/Src/main.c(796): warning:  #223-D: function "memcpy" declared implicitly
  		memcpy((uint8_t *)(tx_buffer), &Ia, 2);
../Core/Src/main.c: 4 warnings, 0 errors
compiling stm32f3xx_hal_msp.c...
compiling rt_nonfinite.c...
compiling rtGetInf.c...
compiling rtGetNaN.c...
compiling MBD_FOC_SENSORLESS_MODEL_data.c...
compiling MBD_FOC_SENSORLESS_MODEL.c...
compiling stm32f3xx_hal_adc.c...
compiling stm32f3xx_hal.c...
compiling stm32f3xx_hal_adc_ex.c...
compiling stm32f3xx_hal_rcc.c...
compiling stm32f3xx_hal_rcc_ex.c...
compiling stm32f3xx_hal_gpio.c...
compiling stm32f3xx_hal_dma.c...
compiling stm32f3xx_hal_cortex.c...
compiling stm32f3xx_hal_pwr.c...
compiling stm32f3xx_hal_pwr_ex.c...
compiling stm32f3xx_hal_flash.c...
compiling stm32f3xx_hal_flash_ex.c...
compiling stm32f3xx_hal_i2c_ex.c...
compiling stm32f3xx_hal_exti.c...
compiling stm32f3xx_hal_i2c.c...
compiling stm32f3xx_hal_tim_ex.c...
compiling stm32f3xx_hal_uart.c...
compiling stm32f3xx_hal_tim.c...
compiling stm32f3xx_hal_uart_ex.c...
compiling system_stm32f3xx.c...
linking...
Program Size: Code=27000 RO-data=2520 RW-data=120 ZI-data=2064  
FromELF: creating hex file...
"FOC_QEP\FOC_QEP.axf" - 0 Error(s), 4 Warning(s).

<h2>Software Packages used:</h2>

Package Vendor: ARM
                http://www.keil.com/pack/ARM.CMSIS.4.5.0.pack
                ARM::CMSIS:CORE:4.3.0
                CMSIS (Cortex Microcontroller Software Interface Standard)
   * Component: CORE Version: 4.3.0

<h2>Collection of Component include folders:</h2>
  D:\WorkSpace\mat_work\MBD\MBD_FOC_SENSORLESS\MBD_FOC_SENSORLESS_KEIL\MDK-ARM\RTE
  C:\Keil_v5\ARM\PACK\ARM\CMSIS\4.5.0\CMSIS\Include
  C:\Keil_v5\ARM\PACK\Keil\STM32F3xx_DFP\2.1.0\Drivers\CMSIS\Device\ST\STM32F3xx\Include

<h2>Collection of Component Files used:</h2>

   * Component: ARM::CMSIS:CORE:4.3.0
Build Time Elapsed:  00:00:08
</pre>
</body>
</html>
